Archive member included to satisfy reference by file (symbol)

../freq_bsp/\libhal_bsp.a(alt_load.o)
                              ../freq_bsp//obj/HAL/src/crt0.o (alt_load)
../freq_bsp/\libhal_bsp.a(alt_main.o)
                              ../freq_bsp//obj/HAL/src/crt0.o (alt_main)
../freq_bsp/\libhal_bsp.a(alt_sys_init.o)
                              ../freq_bsp/\libhal_bsp.a(alt_main.o) (alt_irq_init)
../freq_bsp/\libhal_bsp.a(altera_avalon_jtag_uart_fd.o)
                              ../freq_bsp/\libhal_bsp.a(alt_sys_init.o) (altera_avalon_jtag_uart_read_fd)
../freq_bsp/\libhal_bsp.a(altera_avalon_jtag_uart_read.o)
                              ../freq_bsp/\libhal_bsp.a(altera_avalon_jtag_uart_fd.o) (altera_avalon_jtag_uart_read)
../freq_bsp/\libhal_bsp.a(altera_avalon_jtag_uart_write.o)
                              ../freq_bsp/\libhal_bsp.a(altera_avalon_jtag_uart_fd.o) (altera_avalon_jtag_uart_write)
../freq_bsp/\libhal_bsp.a(altera_avalon_timer_sc.o)
                              ../freq_bsp/\libhal_bsp.a(alt_sys_init.o) (alt_avalon_timer_sc_init)
../freq_bsp/\libhal_bsp.a(alt_close.o)
                              ../freq_bsp/\libhal_bsp.a(alt_main.o) (close)
../freq_bsp/\libhal_bsp.a(alt_dcache_flush_all.o)
                              ../freq_bsp/\libhal_bsp.a(alt_load.o) (alt_dcache_flush_all)
../freq_bsp/\libhal_bsp.a(alt_dev.o)
                              ../freq_bsp/\libhal_bsp.a(alt_sys_init.o) (alt_dev_list)
../freq_bsp/\libhal_bsp.a(alt_dev_llist_insert.o)
                              ../freq_bsp/\libhal_bsp.a(alt_sys_init.o) (alt_dev_llist_insert)
../freq_bsp/\libhal_bsp.a(alt_do_ctors.o)
                              ../freq_bsp/\libhal_bsp.a(alt_main.o) (_do_ctors)
../freq_bsp/\libhal_bsp.a(alt_do_dtors.o)
                              ../freq_bsp/\libhal_bsp.a(alt_main.o) (_do_dtors)
../freq_bsp/\libhal_bsp.a(alt_errno.o)
                              ../freq_bsp/\libhal_bsp.a(alt_close.o) (alt_errno)
../freq_bsp/\libhal_bsp.a(alt_icache_flush_all.o)
                              ../freq_bsp/\libhal_bsp.a(alt_load.o) (alt_icache_flush_all)
../freq_bsp/\libhal_bsp.a(alt_iic.o)
                              ../freq_bsp/\libhal_bsp.a(altera_avalon_timer_sc.o) (alt_ic_isr_register)
../freq_bsp/\libhal_bsp.a(alt_iic_isr_register.o)
                              ../freq_bsp/\libhal_bsp.a(alt_iic.o) (alt_iic_isr_register)
../freq_bsp/\libhal_bsp.a(alt_io_redirect.o)
                              ../freq_bsp/\libhal_bsp.a(alt_main.o) (alt_io_redirect)
../freq_bsp/\libhal_bsp.a(alt_irq_entry.o)
                              ../freq_bsp/\libhal_bsp.a(alt_iic_isr_register.o) (alt_irq_entry)
../freq_bsp/\libhal_bsp.a(alt_irq_handler.o)
                              ../freq_bsp/\libhal_bsp.a(alt_iic_isr_register.o) (alt_irq)
../freq_bsp/\libhal_bsp.a(alt_irq_vars.o)
                              ../freq_bsp/\libhal_bsp.a(alt_iic.o) (alt_irq_active)
../freq_bsp/\libhal_bsp.a(alt_open.o)
                              ../freq_bsp/\libhal_bsp.a(alt_io_redirect.o) (open)
../freq_bsp/\libhal_bsp.a(alt_release_fd.o)
                              ../freq_bsp/\libhal_bsp.a(alt_close.o) (alt_release_fd)
../freq_bsp/\libhal_bsp.a(alt_tick.o)
                              ../freq_bsp/\libhal_bsp.a(altera_avalon_timer_sc.o) (_alt_tick_rate)
../freq_bsp/\libhal_bsp.a(altera_nios2_gen2_irq.o)
                              ../freq_bsp/\libhal_bsp.a(alt_sys_init.o) (altera_nios2_gen2_irq_init)
../freq_bsp/\libhal_bsp.a(alt_exception_entry.o)
                              ../freq_bsp/\libhal_bsp.a(alt_irq_entry.o) (alt_exception)
../freq_bsp/\libhal_bsp.a(alt_find_dev.o)
                              ../freq_bsp/\libhal_bsp.a(alt_open.o) (alt_find_dev)
../freq_bsp/\libhal_bsp.a(alt_find_file.o)
                              ../freq_bsp/\libhal_bsp.a(alt_open.o) (alt_find_file)
../freq_bsp/\libhal_bsp.a(alt_get_fd.o)
                              ../freq_bsp/\libhal_bsp.a(alt_open.o) (alt_get_fd)
../freq_bsp/\libhal_bsp.a(alt_icache_flush.o)
                              ../freq_bsp/\libhal_bsp.a(alt_icache_flush_all.o) (alt_icache_flush)
../freq_bsp/\libhal_bsp.a(alt_instruction_exception_entry.o)
                              ../freq_bsp/\libhal_bsp.a(alt_exception_entry.o) (alt_instruction_exception_entry)
c:/intelfpga_lite/18.1/nios2eds/bin/gnu/h-x86_64-mingw32/bin/../lib/gcc/nios2-elf/5.3.0/../../../../../H-x86_64-mingw32/nios2-elf/lib\libsmallc.a(lib_a-atexit.o)
                              ../freq_bsp/\libhal_bsp.a(alt_main.o) (atexit)
c:/intelfpga_lite/18.1/nios2eds/bin/gnu/h-x86_64-mingw32/bin/../lib/gcc/nios2-elf/5.3.0/../../../../../H-x86_64-mingw32/nios2-elf/lib\libsmallc.a(lib_a-exit.o)
                              ../freq_bsp/\libhal_bsp.a(alt_main.o) (exit)
c:/intelfpga_lite/18.1/nios2eds/bin/gnu/h-x86_64-mingw32/bin/../lib/gcc/nios2-elf/5.3.0/../../../../../H-x86_64-mingw32/nios2-elf/lib\libsmallc.a(lib_a-int_errno.o)
                              ../freq_bsp/\libhal_bsp.a(alt_close.o) (errno)
c:/intelfpga_lite/18.1/nios2eds/bin/gnu/h-x86_64-mingw32/bin/../lib/gcc/nios2-elf/5.3.0/../../../../../H-x86_64-mingw32/nios2-elf/lib\libsmallc.a(lib_a-memcmp.o)
                              ../freq_bsp/\libhal_bsp.a(alt_find_dev.o) (memcmp)
c:/intelfpga_lite/18.1/nios2eds/bin/gnu/h-x86_64-mingw32/bin/../lib/gcc/nios2-elf/5.3.0/../../../../../H-x86_64-mingw32/nios2-elf/lib\libsmallc.a(lib_a-strlen.o)
                              ../freq_bsp/\libhal_bsp.a(alt_find_dev.o) (strlen)
c:/intelfpga_lite/18.1/nios2eds/bin/gnu/h-x86_64-mingw32/bin/../lib/gcc/nios2-elf/5.3.0/../../../../../H-x86_64-mingw32/nios2-elf/lib\libsmallc.a(lib_a-__atexit.o)
                              c:/intelfpga_lite/18.1/nios2eds/bin/gnu/h-x86_64-mingw32/bin/../lib/gcc/nios2-elf/5.3.0/../../../../../H-x86_64-mingw32/nios2-elf/lib\libsmallc.a(lib_a-atexit.o) (__register_exitproc)
c:/intelfpga_lite/18.1/nios2eds/bin/gnu/h-x86_64-mingw32/bin/../lib/gcc/nios2-elf/5.3.0/../../../../../H-x86_64-mingw32/nios2-elf/lib\libsmallc.a(lib_a-__call_atexit.o)
                              c:/intelfpga_lite/18.1/nios2eds/bin/gnu/h-x86_64-mingw32/bin/../lib/gcc/nios2-elf/5.3.0/../../../../../H-x86_64-mingw32/nios2-elf/lib\libsmallc.a(lib_a-exit.o) (__call_exitprocs)
c:/intelfpga_lite/18.1/nios2eds/bin/gnu/h-x86_64-mingw32/bin/../lib/gcc/nios2-elf/5.3.0/../../../../../H-x86_64-mingw32/nios2-elf/lib\libsmallc.a(lib_a-impure.o)
                              c:/intelfpga_lite/18.1/nios2eds/bin/gnu/h-x86_64-mingw32/bin/../lib/gcc/nios2-elf/5.3.0/../../../../../H-x86_64-mingw32/nios2-elf/lib\libsmallc.a(lib_a-__atexit.o) (_global_impure_ptr)
../freq_bsp/\libhal_bsp.a(alt_exit.o)
                              c:/intelfpga_lite/18.1/nios2eds/bin/gnu/h-x86_64-mingw32/bin/../lib/gcc/nios2-elf/5.3.0/../../../../../H-x86_64-mingw32/nios2-elf/lib\libsmallc.a(lib_a-exit.o) (_exit)

Allocating common symbols
Common symbol       size              file

alt_irq             0x100             ../freq_bsp/\libhal_bsp.a(alt_irq_handler.o)
errno               0x4               c:/intelfpga_lite/18.1/nios2eds/bin/gnu/h-x86_64-mingw32/bin/../lib/gcc/nios2-elf/5.3.0/../../../../../H-x86_64-mingw32/nios2-elf/lib\libsmallc.a(lib_a-int_errno.o)

Memory Configuration

Name             Origin             Length             Attributes
reset            0x0000000000008000 0x0000000000000020
onchip_memory    0x0000000000008020 0x0000000000004fe0
*default*        0x0000000000000000 0xffffffffffffffff

Linker script and memory map

LOAD ../freq_bsp//obj/HAL/src/crt0.o
LOAD obj/default/hello_world.o
LOAD c:/intelfpga_lite/18.1/nios2eds/bin/gnu/h-x86_64-mingw32/bin/../lib/gcc/nios2-elf/5.3.0/../../../../../H-x86_64-mingw32/nios2-elf/lib\libstdc++.a
LOAD c:/intelfpga_lite/18.1/nios2eds/bin/gnu/h-x86_64-mingw32/bin/../lib/gcc/nios2-elf/5.3.0/../../../../../H-x86_64-mingw32/nios2-elf/lib\libm.a
LOAD c:/intelfpga_lite/18.1/nios2eds/bin/gnu/h-x86_64-mingw32/bin/../lib/gcc/nios2-elf/5.3.0\libgcc.a
START GROUP
LOAD c:/intelfpga_lite/18.1/nios2eds/bin/gnu/h-x86_64-mingw32/bin/../lib/gcc/nios2-elf/5.3.0/../../../../../H-x86_64-mingw32/nios2-elf/lib\libsmallc.a
LOAD c:/intelfpga_lite/18.1/nios2eds/bin/gnu/h-x86_64-mingw32/bin/../lib/gcc/nios2-elf/5.3.0\libgcc.a
LOAD ../freq_bsp/\libhal_bsp.a
LOAD c:/intelfpga_lite/18.1/nios2eds/bin/gnu/h-x86_64-mingw32/bin/../lib/gcc/nios2-elf/5.3.0/../../../../../H-x86_64-mingw32/nios2-elf/lib\libm.a
END GROUP
LOAD c:/intelfpga_lite/18.1/nios2eds/bin/gnu/h-x86_64-mingw32/bin/../lib/gcc/nios2-elf/5.3.0\libgcc.a
                0x0000000000008000                __alt_mem_onchip_memory = 0x8000

.entry          0x0000000000008000       0x20
 *(.entry)
 .entry         0x0000000000008000       0x20 ../freq_bsp//obj/HAL/src/crt0.o
                0x0000000000008000                __reset

.exceptions     0x0000000000008020      0x224
                0x0000000000008020                PROVIDE (__ram_exceptions_start, ABSOLUTE (.))
                0x0000000000008020                . = ALIGN (0x20)
 *(.irq)
 *(.exceptions.entry.label)
 .exceptions.entry.label
                0x0000000000008020        0x0 ../freq_bsp/\libhal_bsp.a(alt_irq_entry.o)
                0x0000000000008020                alt_irq_entry
 .exceptions.entry.label
                0x0000000000008020        0x0 ../freq_bsp/\libhal_bsp.a(alt_exception_entry.o)
                0x0000000000008020                alt_exception
 *(.exceptions.entry.user)
 *(.exceptions.entry.ecc_fatal)
 *(.exceptions.entry)
 .exceptions.entry
                0x0000000000008020       0x54 ../freq_bsp/\libhal_bsp.a(alt_exception_entry.o)
 *(.exceptions.irqtest.user)
 *(.exceptions.irqtest)
 .exceptions.irqtest
                0x0000000000008074       0x10 ../freq_bsp/\libhal_bsp.a(alt_irq_entry.o)
 *(.exceptions.irqhandler.user)
 *(.exceptions.irqhandler)
 .exceptions.irqhandler
                0x0000000000008084        0x4 ../freq_bsp/\libhal_bsp.a(alt_irq_entry.o)
 *(.exceptions.irqreturn.user)
 *(.exceptions.irqreturn)
 .exceptions.irqreturn
                0x0000000000008088        0x4 ../freq_bsp/\libhal_bsp.a(alt_irq_entry.o)
 *(.exceptions.notirq.label)
 .exceptions.notirq.label
                0x000000000000808c        0x0 ../freq_bsp/\libhal_bsp.a(alt_irq_entry.o)
 *(.exceptions.notirq.user)
 *(.exceptions.notirq)
 .exceptions.notirq
                0x000000000000808c        0x8 ../freq_bsp/\libhal_bsp.a(alt_exception_entry.o)
 *(.exceptions.soft.user)
 *(.exceptions.soft)
 *(.exceptions.unknown.user)
 *(.exceptions.unknown)
 .exceptions.unknown
                0x0000000000008094       0x14 ../freq_bsp/\libhal_bsp.a(alt_exception_entry.o)
 *(.exceptions.exit.label)
 .exceptions.exit.label
                0x00000000000080a8        0x0 ../freq_bsp/\libhal_bsp.a(alt_irq_entry.o)
 .exceptions.exit.label
                0x00000000000080a8        0x0 ../freq_bsp/\libhal_bsp.a(alt_exception_entry.o)
 *(.exceptions.exit.user)
 *(.exceptions.exit)
 .exceptions.exit
                0x00000000000080a8       0x54 ../freq_bsp/\libhal_bsp.a(alt_exception_entry.o)
 *(.exceptions)
 .exceptions    0x00000000000080fc       0xd4 ../freq_bsp/\libhal_bsp.a(alt_irq_handler.o)
                0x00000000000080fc                alt_irq_handler
 .exceptions    0x00000000000081d0       0x74 ../freq_bsp/\libhal_bsp.a(alt_instruction_exception_entry.o)
                0x00000000000081d0                alt_instruction_exception_entry
                0x0000000000008244                PROVIDE (__ram_exceptions_end, ABSOLUTE (.))
                0x0000000000008020                PROVIDE (__flash_exceptions_start, LOADADDR (.exceptions))

.text           0x0000000000008244     0x19fc
                [!provide]                        PROVIDE (stext, ABSOLUTE (.))
 *(.interp)
 *(.hash)
 *(.dynsym)
 *(.dynstr)
 *(.gnu.version)
 *(.gnu.version_d)
 *(.gnu.version_r)
 *(.rel.init)
 *(.rela.init)
 *(.rel.text .rel.text.* .rel.gnu.linkonce.t.*)
 *(.rela.text .rela.text.* .rela.gnu.linkonce.t.*)
 *(.rel.fini)
 *(.rela.fini)
 *(.rel.rodata .rel.rodata.* .rel.gnu.linkonce.r.*)
 *(.rela.rodata .rela.rodata.* .rela.gnu.linkonce.r.*)
 *(.rel.data .rel.data.* .rel.gnu.linkonce.d.*)
 *(.rela.data .rela.data.* .rela.gnu.linkonce.d.*)
 *(.rel.tdata .rel.tdata.* .rel.gnu.linkonce.td.*)
 *(.rela.tdata .rela.tdata.* .rela.gnu.linkonce.td.*)
 *(.rel.tbss .rel.tbss.* .rel.gnu.linkonce.tb.*)
 *(.rela.tbss .rela.tbss.* .rela.gnu.linkonce.tb.*)
 *(.rel.ctors)
 *(.rela.ctors)
 *(.rel.dtors)
 *(.rela.dtors)
 *(.rel.got)
 *(.rela.got)
 *(.rel.sdata .rel.sdata.* .rel.gnu.linkonce.s.*)
 *(.rela.sdata .rela.sdata.* .rela.gnu.linkonce.s.*)
 *(.rel.sbss .rel.sbss.* .rel.gnu.linkonce.sb.*)
 *(.rela.sbss .rela.sbss.* .rela.gnu.linkonce.sb.*)
 *(.rel.sdata2 .rel.sdata2.* .rel.gnu.linkonce.s2.*)
 *(.rela.sdata2 .rela.sdata2.* .rela.gnu.linkonce.s2.*)
 *(.rel.sbss2 .rel.sbss2.* .rel.gnu.linkonce.sb2.*)
 *(.rela.sbss2 .rela.sbss2.* .rela.gnu.linkonce.sb2.*)
 *(.rel.bss .rel.bss.* .rel.gnu.linkonce.b.*)
 *(.rela.bss .rela.bss.* .rela.gnu.linkonce.b.*)
 *(.rel.plt)
 *(.rela.plt)
 *(.rel.dyn)
 *(.init)
 *(.plt)
 *(.text .stub .text.* .gnu.linkonce.t.*)
 .text          0x0000000000008244       0x4c ../freq_bsp//obj/HAL/src/crt0.o
                0x0000000000008244                _start
 .text          0x0000000000008290      0x1a4 obj/default/hello_world.o
                0x0000000000008290                HEX0_display
                0x00000000000082c8                HEX1_display
                0x0000000000008300                HEX2_display
                0x0000000000008338                HEX3_display
                0x0000000000008370                HEX4_display
                0x00000000000083a8                HEX5_display
                0x00000000000083e0                freq_calc
                0x0000000000008400                main
 .text          0x0000000000008434       0xec ../freq_bsp/\libhal_bsp.a(alt_load.o)
                0x000000000000849c                alt_load
 .text          0x0000000000008520       0x7c ../freq_bsp/\libhal_bsp.a(alt_main.o)
                0x0000000000008520                alt_main
 .text          0x000000000000859c       0xb8 ../freq_bsp/\libhal_bsp.a(alt_sys_init.o)
                0x00000000000085d0                alt_irq_init
                0x0000000000008608                alt_sys_init
 .text          0x0000000000008654       0xc0 ../freq_bsp/\libhal_bsp.a(altera_avalon_jtag_uart_fd.o)
                0x0000000000008654                altera_avalon_jtag_uart_read_fd
                0x00000000000086b4                altera_avalon_jtag_uart_write_fd
 .text          0x0000000000008714       0xec ../freq_bsp/\libhal_bsp.a(altera_avalon_jtag_uart_read.o)
                0x0000000000008714                altera_avalon_jtag_uart_read
 .text          0x0000000000008800       0x94 ../freq_bsp/\libhal_bsp.a(altera_avalon_jtag_uart_write.o)
                0x0000000000008800                altera_avalon_jtag_uart_write
 .text          0x0000000000008894       0xf4 ../freq_bsp/\libhal_bsp.a(altera_avalon_timer_sc.o)
                0x000000000000890c                alt_avalon_timer_sc_init
 .text          0x0000000000008988      0x10c ../freq_bsp/\libhal_bsp.a(alt_close.o)
                0x00000000000089c4                close
 .text          0x0000000000008a94       0x48 ../freq_bsp/\libhal_bsp.a(alt_dcache_flush_all.o)
                0x0000000000008a94                alt_dcache_flush_all
 .text          0x0000000000008adc       0x2c ../freq_bsp/\libhal_bsp.a(alt_dev.o)
 .text          0x0000000000008b08       0xe0 ../freq_bsp/\libhal_bsp.a(alt_dev_llist_insert.o)
                0x0000000000008b44                alt_dev_llist_insert
 .text          0x0000000000008be8       0x60 ../freq_bsp/\libhal_bsp.a(alt_do_ctors.o)
                0x0000000000008be8                _do_ctors
 .text          0x0000000000008c48       0x60 ../freq_bsp/\libhal_bsp.a(alt_do_dtors.o)
                0x0000000000008c48                _do_dtors
 .text          0x0000000000008ca8        0x0 ../freq_bsp/\libhal_bsp.a(alt_errno.o)
 .text          0x0000000000008ca8       0x34 ../freq_bsp/\libhal_bsp.a(alt_icache_flush_all.o)
                0x0000000000008ca8                alt_icache_flush_all
 .text          0x0000000000008cdc      0x1b0 ../freq_bsp/\libhal_bsp.a(alt_iic.o)
                0x0000000000008cdc                alt_ic_isr_register
                0x0000000000008d2c                alt_ic_irq_enable
                0x0000000000008db4                alt_ic_irq_disable
                0x0000000000008e40                alt_ic_irq_enabled
 .text          0x0000000000008e8c       0xf0 ../freq_bsp/\libhal_bsp.a(alt_iic_isr_register.o)
                0x0000000000008e8c                alt_iic_isr_register
 .text          0x0000000000008f7c      0x140 ../freq_bsp/\libhal_bsp.a(alt_io_redirect.o)
                0x0000000000009040                alt_io_redirect
 .text          0x00000000000090bc        0x0 ../freq_bsp/\libhal_bsp.a(alt_irq_entry.o)
 .text          0x00000000000090bc        0x0 ../freq_bsp/\libhal_bsp.a(alt_irq_handler.o)
 .text          0x00000000000090bc        0x0 ../freq_bsp/\libhal_bsp.a(alt_irq_vars.o)
 .text          0x00000000000090bc      0x254 ../freq_bsp/\libhal_bsp.a(alt_open.o)
                0x00000000000091bc                open
 .text          0x0000000000009310       0x64 ../freq_bsp/\libhal_bsp.a(alt_release_fd.o)
                0x0000000000009310                alt_release_fd
 .text          0x0000000000009374      0x1a4 ../freq_bsp/\libhal_bsp.a(alt_tick.o)
                0x0000000000009374                alt_alarm_stop
                0x0000000000009410                alt_tick
 .text          0x0000000000009518       0x24 ../freq_bsp/\libhal_bsp.a(altera_nios2_gen2_irq.o)
                0x0000000000009518                altera_nios2_gen2_irq_init
 .text          0x000000000000953c        0x0 ../freq_bsp/\libhal_bsp.a(alt_exception_entry.o)
 .text          0x000000000000953c       0x90 ../freq_bsp/\libhal_bsp.a(alt_find_dev.o)
                0x000000000000953c                alt_find_dev
 .text          0x00000000000095cc      0x108 ../freq_bsp/\libhal_bsp.a(alt_find_file.o)
                0x00000000000095cc                alt_find_file
 .text          0x00000000000096d4       0xa4 ../freq_bsp/\libhal_bsp.a(alt_get_fd.o)
                0x00000000000096d4                alt_get_fd
 .text          0x0000000000009778       0x90 ../freq_bsp/\libhal_bsp.a(alt_icache_flush.o)
                0x0000000000009778                alt_icache_flush
 .text          0x0000000000009808       0x9c ../freq_bsp/\libhal_bsp.a(alt_instruction_exception_entry.o)
                0x0000000000009808                alt_exception_cause_generated_bad_addr
 .text          0x00000000000098a4        0x0 c:/intelfpga_lite/18.1/nios2eds/bin/gnu/h-x86_64-mingw32/bin/../lib/gcc/nios2-elf/5.3.0/../../../../../H-x86_64-mingw32/nios2-elf/lib\libsmallc.a(lib_a-atexit.o)
 .text.atexit   0x00000000000098a4       0x14 c:/intelfpga_lite/18.1/nios2eds/bin/gnu/h-x86_64-mingw32/bin/../lib/gcc/nios2-elf/5.3.0/../../../../../H-x86_64-mingw32/nios2-elf/lib\libsmallc.a(lib_a-atexit.o)
                0x00000000000098a4                atexit
 .text          0x00000000000098b8        0x0 c:/intelfpga_lite/18.1/nios2eds/bin/gnu/h-x86_64-mingw32/bin/../lib/gcc/nios2-elf/5.3.0/../../../../../H-x86_64-mingw32/nios2-elf/lib\libsmallc.a(lib_a-exit.o)
 .text.exit     0x00000000000098b8       0x20 c:/intelfpga_lite/18.1/nios2eds/bin/gnu/h-x86_64-mingw32/bin/../lib/gcc/nios2-elf/5.3.0/../../../../../H-x86_64-mingw32/nios2-elf/lib\libsmallc.a(lib_a-exit.o)
                0x00000000000098b8                exit
 .text          0x00000000000098d8        0x0 c:/intelfpga_lite/18.1/nios2eds/bin/gnu/h-x86_64-mingw32/bin/../lib/gcc/nios2-elf/5.3.0/../../../../../H-x86_64-mingw32/nios2-elf/lib\libsmallc.a(lib_a-int_errno.o)
 .text          0x00000000000098d8        0x0 c:/intelfpga_lite/18.1/nios2eds/bin/gnu/h-x86_64-mingw32/bin/../lib/gcc/nios2-elf/5.3.0/../../../../../H-x86_64-mingw32/nios2-elf/lib\libsmallc.a(lib_a-memcmp.o)
 .text.memcmp   0x00000000000098d8       0x30 c:/intelfpga_lite/18.1/nios2eds/bin/gnu/h-x86_64-mingw32/bin/../lib/gcc/nios2-elf/5.3.0/../../../../../H-x86_64-mingw32/nios2-elf/lib\libsmallc.a(lib_a-memcmp.o)
                0x00000000000098d8                memcmp
 .text          0x0000000000009908        0x0 c:/intelfpga_lite/18.1/nios2eds/bin/gnu/h-x86_64-mingw32/bin/../lib/gcc/nios2-elf/5.3.0/../../../../../H-x86_64-mingw32/nios2-elf/lib\libsmallc.a(lib_a-strlen.o)
 .text.strlen   0x0000000000009908       0x1c c:/intelfpga_lite/18.1/nios2eds/bin/gnu/h-x86_64-mingw32/bin/../lib/gcc/nios2-elf/5.3.0/../../../../../H-x86_64-mingw32/nios2-elf/lib\libsmallc.a(lib_a-strlen.o)
                0x0000000000009908                strlen
 .text          0x0000000000009924        0x0 c:/intelfpga_lite/18.1/nios2eds/bin/gnu/h-x86_64-mingw32/bin/../lib/gcc/nios2-elf/5.3.0/../../../../../H-x86_64-mingw32/nios2-elf/lib\libsmallc.a(lib_a-__atexit.o)
 .text.__register_exitproc
                0x0000000000009924      0x158 c:/intelfpga_lite/18.1/nios2eds/bin/gnu/h-x86_64-mingw32/bin/../lib/gcc/nios2-elf/5.3.0/../../../../../H-x86_64-mingw32/nios2-elf/lib\libsmallc.a(lib_a-__atexit.o)
                0x0000000000009924                __register_exitproc
 .text          0x0000000000009a7c        0x0 c:/intelfpga_lite/18.1/nios2eds/bin/gnu/h-x86_64-mingw32/bin/../lib/gcc/nios2-elf/5.3.0/../../../../../H-x86_64-mingw32/nios2-elf/lib\libsmallc.a(lib_a-__call_atexit.o)
 .text.__call_exitprocs
                0x0000000000009a7c      0x190 c:/intelfpga_lite/18.1/nios2eds/bin/gnu/h-x86_64-mingw32/bin/../lib/gcc/nios2-elf/5.3.0/../../../../../H-x86_64-mingw32/nios2-elf/lib\libsmallc.a(lib_a-__call_atexit.o)
                0x0000000000009a7c                __call_exitprocs
 .text          0x0000000000009c0c        0x0 c:/intelfpga_lite/18.1/nios2eds/bin/gnu/h-x86_64-mingw32/bin/../lib/gcc/nios2-elf/5.3.0/../../../../../H-x86_64-mingw32/nios2-elf/lib\libsmallc.a(lib_a-impure.o)
 .text          0x0000000000009c0c       0x34 ../freq_bsp/\libhal_bsp.a(alt_exit.o)
                0x0000000000009c0c                _exit
 *(.gnu.warning.*)
 *(.fini)
                [!provide]                        PROVIDE (__etext, ABSOLUTE (.))
                [!provide]                        PROVIDE (_etext, ABSOLUTE (.))
                [!provide]                        PROVIDE (etext, ABSOLUTE (.))
 *(.eh_frame_hdr)
                0x0000000000009c40                . = ALIGN (0x4)
                [!provide]                        PROVIDE (__preinit_array_start, ABSOLUTE (.))
 *(.preinit_array)
                [!provide]                        PROVIDE (__preinit_array_end, ABSOLUTE (.))
                [!provide]                        PROVIDE (__init_array_start, ABSOLUTE (.))
 *(.init_array)
                [!provide]                        PROVIDE (__init_array_end, ABSOLUTE (.))
                [!provide]                        PROVIDE (__fini_array_start, ABSOLUTE (.))
 *(.fini_array)
                [!provide]                        PROVIDE (__fini_array_end, ABSOLUTE (.))
 *(.eh_frame)
 *(.gcc_except_table .gcc_except_table.*)
 *(.dynamic)
                0x0000000000009c40                PROVIDE (__CTOR_LIST__, ABSOLUTE (.))
 *(.ctors)
 *(SORT(.ctors.*))
                0x0000000000009c40                PROVIDE (__CTOR_END__, ABSOLUTE (.))
                0x0000000000009c40                PROVIDE (__DTOR_LIST__, ABSOLUTE (.))
 *(.dtors)
 *(SORT(.dtors.*))
                0x0000000000009c40                PROVIDE (__DTOR_END__, ABSOLUTE (.))
 *(.jcr)
                0x0000000000009c40                . = ALIGN (0x4)

.rodata         0x0000000000009c40       0x34
                0x0000000000009c40                PROVIDE (__ram_rodata_start, ABSOLUTE (.))
                0x0000000000009c40                . = ALIGN (0x4)
 *(.rodata .rodata.* .gnu.linkonce.r.*)
 .rodata        0x0000000000009c40       0x11 ../freq_bsp/\libhal_bsp.a(alt_main.o)
 *fill*         0x0000000000009c51        0x3 
 .rodata        0x0000000000009c54       0x11 ../freq_bsp/\libhal_bsp.a(alt_sys_init.o)
 *fill*         0x0000000000009c65        0x3 
 .rodata        0x0000000000009c68        0xa ../freq_bsp/\libhal_bsp.a(alt_dev.o)
 *(.rodata1)
                0x0000000000009c74                . = ALIGN (0x4)
 *fill*         0x0000000000009c72        0x2 
                0x0000000000009c74                PROVIDE (__ram_rodata_end, ABSOLUTE (.))
                0x0000000000009c40                PROVIDE (__flash_rodata_start, LOADADDR (.rodata))

.rwdata         0x0000000000009c74      0x2e0 load address 0x0000000000009f54
                0x0000000000009c74                PROVIDE (__ram_rwdata_start, ABSOLUTE (.))
                0x0000000000009c74                . = ALIGN (0x4)
 *(.got.plt)
 *(.got)
 *(.data1)
 *(.data .data.* .gnu.linkonce.d.*)
 .data          0x0000000000009c74        0x0 ../freq_bsp//obj/HAL/src/crt0.o
 .data          0x0000000000009c74        0x0 obj/default/hello_world.o
 .data          0x0000000000009c74        0x0 ../freq_bsp/\libhal_bsp.a(alt_load.o)
 .data          0x0000000000009c74        0x0 ../freq_bsp/\libhal_bsp.a(alt_main.o)
 .data          0x0000000000009c74       0x2c ../freq_bsp/\libhal_bsp.a(alt_sys_init.o)
 .data          0x0000000000009ca0        0x0 ../freq_bsp/\libhal_bsp.a(altera_avalon_jtag_uart_fd.o)
 .data          0x0000000000009ca0        0x0 ../freq_bsp/\libhal_bsp.a(altera_avalon_jtag_uart_read.o)
 .data          0x0000000000009ca0        0x0 ../freq_bsp/\libhal_bsp.a(altera_avalon_jtag_uart_write.o)
 .data          0x0000000000009ca0        0x0 ../freq_bsp/\libhal_bsp.a(altera_avalon_timer_sc.o)
 .data          0x0000000000009ca0        0x0 ../freq_bsp/\libhal_bsp.a(alt_close.o)
 .data          0x0000000000009ca0        0x0 ../freq_bsp/\libhal_bsp.a(alt_dcache_flush_all.o)
 .data          0x0000000000009ca0      0x1a8 ../freq_bsp/\libhal_bsp.a(alt_dev.o)
                0x0000000000009ca0                alt_dev_null
                0x0000000000009cc8                alt_fd_list
 .data          0x0000000000009e48        0x0 ../freq_bsp/\libhal_bsp.a(alt_dev_llist_insert.o)
 .data          0x0000000000009e48        0x0 ../freq_bsp/\libhal_bsp.a(alt_do_ctors.o)
 .data          0x0000000000009e48        0x0 ../freq_bsp/\libhal_bsp.a(alt_do_dtors.o)
 .data          0x0000000000009e48        0x0 ../freq_bsp/\libhal_bsp.a(alt_errno.o)
 .data          0x0000000000009e48        0x0 ../freq_bsp/\libhal_bsp.a(alt_icache_flush_all.o)
 .data          0x0000000000009e48        0x0 ../freq_bsp/\libhal_bsp.a(alt_iic.o)
 .data          0x0000000000009e48        0x0 ../freq_bsp/\libhal_bsp.a(alt_iic_isr_register.o)
 .data          0x0000000000009e48        0x0 ../freq_bsp/\libhal_bsp.a(alt_io_redirect.o)
 .data          0x0000000000009e48        0x0 ../freq_bsp/\libhal_bsp.a(alt_irq_entry.o)
 .data          0x0000000000009e48        0x0 ../freq_bsp/\libhal_bsp.a(alt_irq_handler.o)
 .data          0x0000000000009e48        0x0 ../freq_bsp/\libhal_bsp.a(alt_irq_vars.o)
 .data          0x0000000000009e48        0x0 ../freq_bsp/\libhal_bsp.a(alt_open.o)
 .data          0x0000000000009e48        0x0 ../freq_bsp/\libhal_bsp.a(alt_release_fd.o)
 .data          0x0000000000009e48        0x0 ../freq_bsp/\libhal_bsp.a(alt_tick.o)
 .data          0x0000000000009e48        0x0 ../freq_bsp/\libhal_bsp.a(altera_nios2_gen2_irq.o)
 .data          0x0000000000009e48        0x0 ../freq_bsp/\libhal_bsp.a(alt_exception_entry.o)
 .data          0x0000000000009e48        0x0 ../freq_bsp/\libhal_bsp.a(alt_find_dev.o)
 .data          0x0000000000009e48        0x0 ../freq_bsp/\libhal_bsp.a(alt_find_file.o)
 .data          0x0000000000009e48        0x0 ../freq_bsp/\libhal_bsp.a(alt_get_fd.o)
 .data          0x0000000000009e48        0x0 ../freq_bsp/\libhal_bsp.a(alt_icache_flush.o)
 .data          0x0000000000009e48        0x0 ../freq_bsp/\libhal_bsp.a(alt_instruction_exception_entry.o)
 .data          0x0000000000009e48        0x0 c:/intelfpga_lite/18.1/nios2eds/bin/gnu/h-x86_64-mingw32/bin/../lib/gcc/nios2-elf/5.3.0/../../../../../H-x86_64-mingw32/nios2-elf/lib\libsmallc.a(lib_a-atexit.o)
 .data          0x0000000000009e48        0x0 c:/intelfpga_lite/18.1/nios2eds/bin/gnu/h-x86_64-mingw32/bin/../lib/gcc/nios2-elf/5.3.0/../../../../../H-x86_64-mingw32/nios2-elf/lib\libsmallc.a(lib_a-exit.o)
 .data          0x0000000000009e48        0x0 c:/intelfpga_lite/18.1/nios2eds/bin/gnu/h-x86_64-mingw32/bin/../lib/gcc/nios2-elf/5.3.0/../../../../../H-x86_64-mingw32/nios2-elf/lib\libsmallc.a(lib_a-int_errno.o)
 .data          0x0000000000009e48        0x0 c:/intelfpga_lite/18.1/nios2eds/bin/gnu/h-x86_64-mingw32/bin/../lib/gcc/nios2-elf/5.3.0/../../../../../H-x86_64-mingw32/nios2-elf/lib\libsmallc.a(lib_a-memcmp.o)
 .data          0x0000000000009e48        0x0 c:/intelfpga_lite/18.1/nios2eds/bin/gnu/h-x86_64-mingw32/bin/../lib/gcc/nios2-elf/5.3.0/../../../../../H-x86_64-mingw32/nios2-elf/lib\libsmallc.a(lib_a-strlen.o)
 .data          0x0000000000009e48        0x0 c:/intelfpga_lite/18.1/nios2eds/bin/gnu/h-x86_64-mingw32/bin/../lib/gcc/nios2-elf/5.3.0/../../../../../H-x86_64-mingw32/nios2-elf/lib\libsmallc.a(lib_a-__atexit.o)
 .data          0x0000000000009e48        0x0 c:/intelfpga_lite/18.1/nios2eds/bin/gnu/h-x86_64-mingw32/bin/../lib/gcc/nios2-elf/5.3.0/../../../../../H-x86_64-mingw32/nios2-elf/lib\libsmallc.a(lib_a-__call_atexit.o)
 .data          0x0000000000009e48        0x0 c:/intelfpga_lite/18.1/nios2eds/bin/gnu/h-x86_64-mingw32/bin/../lib/gcc/nios2-elf/5.3.0/../../../../../H-x86_64-mingw32/nios2-elf/lib\libsmallc.a(lib_a-impure.o)
 .data.impure_data
                0x0000000000009e48       0xe0 c:/intelfpga_lite/18.1/nios2eds/bin/gnu/h-x86_64-mingw32/bin/../lib/gcc/nios2-elf/5.3.0/../../../../../H-x86_64-mingw32/nios2-elf/lib\libsmallc.a(lib_a-impure.o)
 .data          0x0000000000009f28        0x0 ../freq_bsp/\libhal_bsp.a(alt_exit.o)
                0x0000000000011f28                _gp = ABSOLUTE ((. + 0x8000))
                [!provide]                        PROVIDE (gp, _gp)
 *(.rwdata .rwdata.*)
 *(.sdata .sdata.* .gnu.linkonce.s.*)
 .sdata         0x0000000000009f28       0x14 ../freq_bsp/\libhal_bsp.a(alt_dev.o)
                0x0000000000009f28                alt_fs_list
                0x0000000000009f30                alt_dev_list
                0x0000000000009f38                alt_max_fd
 .sdata         0x0000000000009f3c        0x4 ../freq_bsp/\libhal_bsp.a(alt_errno.o)
                0x0000000000009f3c                alt_errno
 .sdata         0x0000000000009f40        0x4 ../freq_bsp/\libhal_bsp.a(alt_irq_vars.o)
                0x0000000000009f40                alt_priority_mask
 .sdata         0x0000000000009f44        0x8 ../freq_bsp/\libhal_bsp.a(alt_tick.o)
                0x0000000000009f44                alt_alarm_list
 .sdata._global_impure_ptr
                0x0000000000009f4c        0x4 c:/intelfpga_lite/18.1/nios2eds/bin/gnu/h-x86_64-mingw32/bin/../lib/gcc/nios2-elf/5.3.0/../../../../../H-x86_64-mingw32/nios2-elf/lib\libsmallc.a(lib_a-impure.o)
                0x0000000000009f4c                _global_impure_ptr
 .sdata._impure_ptr
                0x0000000000009f50        0x4 c:/intelfpga_lite/18.1/nios2eds/bin/gnu/h-x86_64-mingw32/bin/../lib/gcc/nios2-elf/5.3.0/../../../../../H-x86_64-mingw32/nios2-elf/lib\libsmallc.a(lib_a-impure.o)
                0x0000000000009f50                _impure_ptr
 *(.sdata2 .sdata2.* .gnu.linkonce.s2.*)
                0x0000000000009f54                . = ALIGN (0x4)
                0x0000000000009f54                _edata = ABSOLUTE (.)
                [!provide]                        PROVIDE (edata, ABSOLUTE (.))
                0x0000000000009f54                PROVIDE (__ram_rwdata_end, ABSOLUTE (.))
                0x0000000000009f54                PROVIDE (__flash_rwdata_start, LOADADDR (.rwdata))

.bss            0x000000000000a234      0x120
                0x000000000000a234                __bss_start = ABSOLUTE (.)
                [!provide]                        PROVIDE (__sbss_start, ABSOLUTE (.))
                [!provide]                        PROVIDE (___sbss_start, ABSOLUTE (.))
 *(.dynsbss)
 *(.sbss .sbss.* .gnu.linkonce.sb.*)
 .sbss          0x000000000000a234        0xc ../freq_bsp/\libhal_bsp.a(alt_main.o)
                0x000000000000a234                alt_argc
                0x000000000000a238                alt_argv
                0x000000000000a23c                alt_envp
 .sbss          0x000000000000a240        0x4 ../freq_bsp/\libhal_bsp.a(alt_irq_vars.o)
                0x000000000000a240                alt_irq_active
 .sbss          0x000000000000a244        0x8 ../freq_bsp/\libhal_bsp.a(alt_tick.o)
                0x000000000000a244                _alt_tick_rate
                0x000000000000a248                _alt_nticks
 .sbss          0x000000000000a24c        0x4 ../freq_bsp/\libhal_bsp.a(alt_instruction_exception_entry.o)
                0x000000000000a24c                alt_instruction_exception_handler
 .sbss          0x000000000000a250        0x4 c:/intelfpga_lite/18.1/nios2eds/bin/gnu/h-x86_64-mingw32/bin/../lib/gcc/nios2-elf/5.3.0/../../../../../H-x86_64-mingw32/nios2-elf/lib\libsmallc.a(lib_a-int_errno.o)
                0x000000000000a250                errno
 *(.sbss2 .sbss2.* .gnu.linkonce.sb2.*)
 *(.scommon)
                [!provide]                        PROVIDE (__sbss_end, ABSOLUTE (.))
                [!provide]                        PROVIDE (___sbss_end, ABSOLUTE (.))
 *(.dynbss)
 *(.bss .bss.* .gnu.linkonce.b.*)
 .bss           0x000000000000a254        0x0 ../freq_bsp//obj/HAL/src/crt0.o
 .bss           0x000000000000a254        0x0 obj/default/hello_world.o
 .bss           0x000000000000a254        0x0 ../freq_bsp/\libhal_bsp.a(alt_load.o)
 .bss           0x000000000000a254        0x0 ../freq_bsp/\libhal_bsp.a(alt_main.o)
 .bss           0x000000000000a254        0x0 ../freq_bsp/\libhal_bsp.a(alt_sys_init.o)
 .bss           0x000000000000a254        0x0 ../freq_bsp/\libhal_bsp.a(altera_avalon_jtag_uart_fd.o)
 .bss           0x000000000000a254        0x0 ../freq_bsp/\libhal_bsp.a(altera_avalon_jtag_uart_read.o)
 .bss           0x000000000000a254        0x0 ../freq_bsp/\libhal_bsp.a(altera_avalon_jtag_uart_write.o)
 .bss           0x000000000000a254        0x0 ../freq_bsp/\libhal_bsp.a(altera_avalon_timer_sc.o)
 .bss           0x000000000000a254        0x0 ../freq_bsp/\libhal_bsp.a(alt_close.o)
 .bss           0x000000000000a254        0x0 ../freq_bsp/\libhal_bsp.a(alt_dcache_flush_all.o)
 .bss           0x000000000000a254        0x0 ../freq_bsp/\libhal_bsp.a(alt_dev.o)
 .bss           0x000000000000a254        0x0 ../freq_bsp/\libhal_bsp.a(alt_dev_llist_insert.o)
 .bss           0x000000000000a254        0x0 ../freq_bsp/\libhal_bsp.a(alt_do_ctors.o)
 .bss           0x000000000000a254        0x0 ../freq_bsp/\libhal_bsp.a(alt_do_dtors.o)
 .bss           0x000000000000a254        0x0 ../freq_bsp/\libhal_bsp.a(alt_errno.o)
 .bss           0x000000000000a254        0x0 ../freq_bsp/\libhal_bsp.a(alt_icache_flush_all.o)
 .bss           0x000000000000a254        0x0 ../freq_bsp/\libhal_bsp.a(alt_iic.o)
 .bss           0x000000000000a254        0x0 ../freq_bsp/\libhal_bsp.a(alt_iic_isr_register.o)
 .bss           0x000000000000a254        0x0 ../freq_bsp/\libhal_bsp.a(alt_io_redirect.o)
 .bss           0x000000000000a254        0x0 ../freq_bsp/\libhal_bsp.a(alt_irq_entry.o)
 .bss           0x000000000000a254        0x0 ../freq_bsp/\libhal_bsp.a(alt_irq_handler.o)
 .bss           0x000000000000a254        0x0 ../freq_bsp/\libhal_bsp.a(alt_irq_vars.o)
 .bss           0x000000000000a254        0x0 ../freq_bsp/\libhal_bsp.a(alt_open.o)
 .bss           0x000000000000a254        0x0 ../freq_bsp/\libhal_bsp.a(alt_release_fd.o)
 .bss           0x000000000000a254        0x0 ../freq_bsp/\libhal_bsp.a(alt_tick.o)
 .bss           0x000000000000a254        0x0 ../freq_bsp/\libhal_bsp.a(altera_nios2_gen2_irq.o)
 .bss           0x000000000000a254        0x0 ../freq_bsp/\libhal_bsp.a(alt_exception_entry.o)
 .bss           0x000000000000a254        0x0 ../freq_bsp/\libhal_bsp.a(alt_find_dev.o)
 .bss           0x000000000000a254        0x0 ../freq_bsp/\libhal_bsp.a(alt_find_file.o)
 .bss           0x000000000000a254        0x0 ../freq_bsp/\libhal_bsp.a(alt_get_fd.o)
 .bss           0x000000000000a254        0x0 ../freq_bsp/\libhal_bsp.a(alt_icache_flush.o)
 .bss           0x000000000000a254        0x0 ../freq_bsp/\libhal_bsp.a(alt_instruction_exception_entry.o)
 .bss           0x000000000000a254        0x0 c:/intelfpga_lite/18.1/nios2eds/bin/gnu/h-x86_64-mingw32/bin/../lib/gcc/nios2-elf/5.3.0/../../../../../H-x86_64-mingw32/nios2-elf/lib\libsmallc.a(lib_a-atexit.o)
 .bss           0x000000000000a254        0x0 c:/intelfpga_lite/18.1/nios2eds/bin/gnu/h-x86_64-mingw32/bin/../lib/gcc/nios2-elf/5.3.0/../../../../../H-x86_64-mingw32/nios2-elf/lib\libsmallc.a(lib_a-exit.o)
 .bss           0x000000000000a254        0x0 c:/intelfpga_lite/18.1/nios2eds/bin/gnu/h-x86_64-mingw32/bin/../lib/gcc/nios2-elf/5.3.0/../../../../../H-x86_64-mingw32/nios2-elf/lib\libsmallc.a(lib_a-int_errno.o)
 .bss           0x000000000000a254        0x0 c:/intelfpga_lite/18.1/nios2eds/bin/gnu/h-x86_64-mingw32/bin/../lib/gcc/nios2-elf/5.3.0/../../../../../H-x86_64-mingw32/nios2-elf/lib\libsmallc.a(lib_a-memcmp.o)
 .bss           0x000000000000a254        0x0 c:/intelfpga_lite/18.1/nios2eds/bin/gnu/h-x86_64-mingw32/bin/../lib/gcc/nios2-elf/5.3.0/../../../../../H-x86_64-mingw32/nios2-elf/lib\libsmallc.a(lib_a-strlen.o)
 .bss           0x000000000000a254        0x0 c:/intelfpga_lite/18.1/nios2eds/bin/gnu/h-x86_64-mingw32/bin/../lib/gcc/nios2-elf/5.3.0/../../../../../H-x86_64-mingw32/nios2-elf/lib\libsmallc.a(lib_a-__atexit.o)
 .bss           0x000000000000a254        0x0 c:/intelfpga_lite/18.1/nios2eds/bin/gnu/h-x86_64-mingw32/bin/../lib/gcc/nios2-elf/5.3.0/../../../../../H-x86_64-mingw32/nios2-elf/lib\libsmallc.a(lib_a-__call_atexit.o)
 .bss           0x000000000000a254        0x0 c:/intelfpga_lite/18.1/nios2eds/bin/gnu/h-x86_64-mingw32/bin/../lib/gcc/nios2-elf/5.3.0/../../../../../H-x86_64-mingw32/nios2-elf/lib\libsmallc.a(lib_a-impure.o)
 .bss           0x000000000000a254        0x0 ../freq_bsp/\libhal_bsp.a(alt_exit.o)
 *(COMMON)
 COMMON         0x000000000000a254      0x100 ../freq_bsp/\libhal_bsp.a(alt_irq_handler.o)
                0x000000000000a254                alt_irq
                0x000000000000a354                . = ALIGN (0x4)
                0x000000000000a354                __bss_end = ABSOLUTE (.)

.onchip_memory  0x000000000000a354        0x0
                [!provide]                        PROVIDE (_alt_partition_onchip_memory_start, ABSOLUTE (.))
 *(.onchip_memory .onchip_memory. onchip_memory.*)
                0x000000000000a354                . = ALIGN (0x4)
                [!provide]                        PROVIDE (_alt_partition_onchip_memory_end, ABSOLUTE (.))
                0x000000000000a354                _end = ABSOLUTE (.)
                0x000000000000a354                end = ABSOLUTE (.)
                0x000000000000a354                __alt_stack_base = ABSOLUTE (.)
                [!provide]                        PROVIDE (_alt_partition_onchip_memory_load_addr, LOADADDR (.onchip_memory))

.stab
 *(.stab)

.stabstr
 *(.stabstr)

.stab.excl
 *(.stab.excl)

.stab.exclstr
 *(.stab.exclstr)

.stab.index
 *(.stab.index)

.stab.indexstr
 *(.stab.indexstr)

.comment        0x0000000000000000       0x23
 *(.comment)
 .comment       0x0000000000000000       0x23 obj/default/hello_world.o
                                         0x24 (size before relaxing)
 .comment       0x0000000000000023       0x24 ../freq_bsp/\libhal_bsp.a(alt_load.o)
 .comment       0x0000000000000023       0x24 ../freq_bsp/\libhal_bsp.a(alt_main.o)
 .comment       0x0000000000000023       0x24 ../freq_bsp/\libhal_bsp.a(alt_sys_init.o)
 .comment       0x0000000000000023       0x24 ../freq_bsp/\libhal_bsp.a(altera_avalon_jtag_uart_fd.o)
 .comment       0x0000000000000023       0x24 ../freq_bsp/\libhal_bsp.a(altera_avalon_jtag_uart_read.o)
 .comment       0x0000000000000023       0x24 ../freq_bsp/\libhal_bsp.a(altera_avalon_jtag_uart_write.o)
 .comment       0x0000000000000023       0x24 ../freq_bsp/\libhal_bsp.a(altera_avalon_timer_sc.o)
 .comment       0x0000000000000023       0x24 ../freq_bsp/\libhal_bsp.a(alt_close.o)
 .comment       0x0000000000000023       0x24 ../freq_bsp/\libhal_bsp.a(alt_dcache_flush_all.o)
 .comment       0x0000000000000023       0x24 ../freq_bsp/\libhal_bsp.a(alt_dev.o)
 .comment       0x0000000000000023       0x24 ../freq_bsp/\libhal_bsp.a(alt_dev_llist_insert.o)
 .comment       0x0000000000000023       0x24 ../freq_bsp/\libhal_bsp.a(alt_do_ctors.o)
 .comment       0x0000000000000023       0x24 ../freq_bsp/\libhal_bsp.a(alt_do_dtors.o)
 .comment       0x0000000000000023       0x24 ../freq_bsp/\libhal_bsp.a(alt_errno.o)
 .comment       0x0000000000000023       0x24 ../freq_bsp/\libhal_bsp.a(alt_icache_flush_all.o)
 .comment       0x0000000000000023       0x24 ../freq_bsp/\libhal_bsp.a(alt_iic.o)
 .comment       0x0000000000000023       0x24 ../freq_bsp/\libhal_bsp.a(alt_iic_isr_register.o)
 .comment       0x0000000000000023       0x24 ../freq_bsp/\libhal_bsp.a(alt_io_redirect.o)
 .comment       0x0000000000000023       0x24 ../freq_bsp/\libhal_bsp.a(alt_irq_handler.o)
 .comment       0x0000000000000023       0x24 ../freq_bsp/\libhal_bsp.a(alt_irq_vars.o)
 .comment       0x0000000000000023       0x24 ../freq_bsp/\libhal_bsp.a(alt_open.o)
 .comment       0x0000000000000023       0x24 ../freq_bsp/\libhal_bsp.a(alt_release_fd.o)
 .comment       0x0000000000000023       0x24 ../freq_bsp/\libhal_bsp.a(alt_tick.o)
 .comment       0x0000000000000023       0x24 ../freq_bsp/\libhal_bsp.a(altera_nios2_gen2_irq.o)
 .comment       0x0000000000000023       0x24 ../freq_bsp/\libhal_bsp.a(alt_find_dev.o)
 .comment       0x0000000000000023       0x24 ../freq_bsp/\libhal_bsp.a(alt_find_file.o)
 .comment       0x0000000000000023       0x24 ../freq_bsp/\libhal_bsp.a(alt_get_fd.o)
 .comment       0x0000000000000023       0x24 ../freq_bsp/\libhal_bsp.a(alt_icache_flush.o)
 .comment       0x0000000000000023       0x24 ../freq_bsp/\libhal_bsp.a(alt_instruction_exception_entry.o)
 .comment       0x0000000000000023       0x24 c:/intelfpga_lite/18.1/nios2eds/bin/gnu/h-x86_64-mingw32/bin/../lib/gcc/nios2-elf/5.3.0/../../../../../H-x86_64-mingw32/nios2-elf/lib\libsmallc.a(lib_a-atexit.o)
 .comment       0x0000000000000023       0x24 c:/intelfpga_lite/18.1/nios2eds/bin/gnu/h-x86_64-mingw32/bin/../lib/gcc/nios2-elf/5.3.0/../../../../../H-x86_64-mingw32/nios2-elf/lib\libsmallc.a(lib_a-exit.o)
 .comment       0x0000000000000023       0x24 c:/intelfpga_lite/18.1/nios2eds/bin/gnu/h-x86_64-mingw32/bin/../lib/gcc/nios2-elf/5.3.0/../../../../../H-x86_64-mingw32/nios2-elf/lib\libsmallc.a(lib_a-int_errno.o)
 .comment       0x0000000000000023       0x24 c:/intelfpga_lite/18.1/nios2eds/bin/gnu/h-x86_64-mingw32/bin/../lib/gcc/nios2-elf/5.3.0/../../../../../H-x86_64-mingw32/nios2-elf/lib\libsmallc.a(lib_a-memcmp.o)
 .comment       0x0000000000000023       0x24 c:/intelfpga_lite/18.1/nios2eds/bin/gnu/h-x86_64-mingw32/bin/../lib/gcc/nios2-elf/5.3.0/../../../../../H-x86_64-mingw32/nios2-elf/lib\libsmallc.a(lib_a-strlen.o)
 .comment       0x0000000000000023       0x24 c:/intelfpga_lite/18.1/nios2eds/bin/gnu/h-x86_64-mingw32/bin/../lib/gcc/nios2-elf/5.3.0/../../../../../H-x86_64-mingw32/nios2-elf/lib\libsmallc.a(lib_a-__atexit.o)
 .comment       0x0000000000000023       0x24 c:/intelfpga_lite/18.1/nios2eds/bin/gnu/h-x86_64-mingw32/bin/../lib/gcc/nios2-elf/5.3.0/../../../../../H-x86_64-mingw32/nios2-elf/lib\libsmallc.a(lib_a-__call_atexit.o)
 .comment       0x0000000000000023       0x24 c:/intelfpga_lite/18.1/nios2eds/bin/gnu/h-x86_64-mingw32/bin/../lib/gcc/nios2-elf/5.3.0/../../../../../H-x86_64-mingw32/nios2-elf/lib\libsmallc.a(lib_a-impure.o)
 .comment       0x0000000000000023       0x24 ../freq_bsp/\libhal_bsp.a(alt_exit.o)

.debug
 *(.debug)

.line
 *(.line)

.debug_srcinfo
 *(.debug_srcinfo)

.debug_sfnames
 *(.debug_sfnames)

.debug_aranges  0x0000000000000000      0x558
 *(.debug_aranges)
 .debug_aranges
                0x0000000000000000       0x28 ../freq_bsp//obj/HAL/src/crt0.o
 .debug_aranges
                0x0000000000000028       0x20 obj/default/hello_world.o
 .debug_aranges
                0x0000000000000048       0x20 ../freq_bsp/\libhal_bsp.a(alt_load.o)
 .debug_aranges
                0x0000000000000068       0x20 ../freq_bsp/\libhal_bsp.a(alt_main.o)
 .debug_aranges
                0x0000000000000088       0x20 ../freq_bsp/\libhal_bsp.a(alt_sys_init.o)
 .debug_aranges
                0x00000000000000a8       0x20 ../freq_bsp/\libhal_bsp.a(altera_avalon_jtag_uart_fd.o)
 .debug_aranges
                0x00000000000000c8       0x20 ../freq_bsp/\libhal_bsp.a(altera_avalon_jtag_uart_read.o)
 .debug_aranges
                0x00000000000000e8       0x20 ../freq_bsp/\libhal_bsp.a(altera_avalon_jtag_uart_write.o)
 .debug_aranges
                0x0000000000000108       0x20 ../freq_bsp/\libhal_bsp.a(altera_avalon_timer_sc.o)
 .debug_aranges
                0x0000000000000128       0x20 ../freq_bsp/\libhal_bsp.a(alt_close.o)
 .debug_aranges
                0x0000000000000148       0x20 ../freq_bsp/\libhal_bsp.a(alt_dcache_flush_all.o)
 .debug_aranges
                0x0000000000000168       0x20 ../freq_bsp/\libhal_bsp.a(alt_dev.o)
 .debug_aranges
                0x0000000000000188       0x20 ../freq_bsp/\libhal_bsp.a(alt_dev_llist_insert.o)
 .debug_aranges
                0x00000000000001a8       0x20 ../freq_bsp/\libhal_bsp.a(alt_do_ctors.o)
 .debug_aranges
                0x00000000000001c8       0x20 ../freq_bsp/\libhal_bsp.a(alt_do_dtors.o)
 .debug_aranges
                0x00000000000001e8       0x18 ../freq_bsp/\libhal_bsp.a(alt_errno.o)
 .debug_aranges
                0x0000000000000200       0x20 ../freq_bsp/\libhal_bsp.a(alt_icache_flush_all.o)
 .debug_aranges
                0x0000000000000220       0x20 ../freq_bsp/\libhal_bsp.a(alt_iic.o)
 .debug_aranges
                0x0000000000000240       0x20 ../freq_bsp/\libhal_bsp.a(alt_iic_isr_register.o)
 .debug_aranges
                0x0000000000000260       0x20 ../freq_bsp/\libhal_bsp.a(alt_io_redirect.o)
 .debug_aranges
                0x0000000000000280       0x30 ../freq_bsp/\libhal_bsp.a(alt_irq_entry.o)
 .debug_aranges
                0x00000000000002b0       0x20 ../freq_bsp/\libhal_bsp.a(alt_irq_handler.o)
 .debug_aranges
                0x00000000000002d0       0x18 ../freq_bsp/\libhal_bsp.a(alt_irq_vars.o)
 .debug_aranges
                0x00000000000002e8       0x20 ../freq_bsp/\libhal_bsp.a(alt_open.o)
 .debug_aranges
                0x0000000000000308       0x20 ../freq_bsp/\libhal_bsp.a(alt_release_fd.o)
 .debug_aranges
                0x0000000000000328       0x20 ../freq_bsp/\libhal_bsp.a(alt_tick.o)
 .debug_aranges
                0x0000000000000348       0x20 ../freq_bsp/\libhal_bsp.a(altera_nios2_gen2_irq.o)
 .debug_aranges
                0x0000000000000368       0x38 ../freq_bsp/\libhal_bsp.a(alt_exception_entry.o)
 .debug_aranges
                0x00000000000003a0       0x20 ../freq_bsp/\libhal_bsp.a(alt_find_dev.o)
 .debug_aranges
                0x00000000000003c0       0x20 ../freq_bsp/\libhal_bsp.a(alt_find_file.o)
 .debug_aranges
                0x00000000000003e0       0x20 ../freq_bsp/\libhal_bsp.a(alt_get_fd.o)
 .debug_aranges
                0x0000000000000400       0x20 ../freq_bsp/\libhal_bsp.a(alt_icache_flush.o)
 .debug_aranges
                0x0000000000000420       0x28 ../freq_bsp/\libhal_bsp.a(alt_instruction_exception_entry.o)
 .debug_aranges
                0x0000000000000448       0x20 c:/intelfpga_lite/18.1/nios2eds/bin/gnu/h-x86_64-mingw32/bin/../lib/gcc/nios2-elf/5.3.0/../../../../../H-x86_64-mingw32/nios2-elf/lib\libsmallc.a(lib_a-atexit.o)
 .debug_aranges
                0x0000000000000468       0x20 c:/intelfpga_lite/18.1/nios2eds/bin/gnu/h-x86_64-mingw32/bin/../lib/gcc/nios2-elf/5.3.0/../../../../../H-x86_64-mingw32/nios2-elf/lib\libsmallc.a(lib_a-exit.o)
 .debug_aranges
                0x0000000000000488       0x18 c:/intelfpga_lite/18.1/nios2eds/bin/gnu/h-x86_64-mingw32/bin/../lib/gcc/nios2-elf/5.3.0/../../../../../H-x86_64-mingw32/nios2-elf/lib\libsmallc.a(lib_a-int_errno.o)
 .debug_aranges
                0x00000000000004a0       0x20 c:/intelfpga_lite/18.1/nios2eds/bin/gnu/h-x86_64-mingw32/bin/../lib/gcc/nios2-elf/5.3.0/../../../../../H-x86_64-mingw32/nios2-elf/lib\libsmallc.a(lib_a-memcmp.o)
 .debug_aranges
                0x00000000000004c0       0x20 c:/intelfpga_lite/18.1/nios2eds/bin/gnu/h-x86_64-mingw32/bin/../lib/gcc/nios2-elf/5.3.0/../../../../../H-x86_64-mingw32/nios2-elf/lib\libsmallc.a(lib_a-strlen.o)
 .debug_aranges
                0x00000000000004e0       0x20 c:/intelfpga_lite/18.1/nios2eds/bin/gnu/h-x86_64-mingw32/bin/../lib/gcc/nios2-elf/5.3.0/../../../../../H-x86_64-mingw32/nios2-elf/lib\libsmallc.a(lib_a-__atexit.o)
 .debug_aranges
                0x0000000000000500       0x20 c:/intelfpga_lite/18.1/nios2eds/bin/gnu/h-x86_64-mingw32/bin/../lib/gcc/nios2-elf/5.3.0/../../../../../H-x86_64-mingw32/nios2-elf/lib\libsmallc.a(lib_a-__call_atexit.o)
 .debug_aranges
                0x0000000000000520       0x18 c:/intelfpga_lite/18.1/nios2eds/bin/gnu/h-x86_64-mingw32/bin/../lib/gcc/nios2-elf/5.3.0/../../../../../H-x86_64-mingw32/nios2-elf/lib\libsmallc.a(lib_a-impure.o)
 .debug_aranges
                0x0000000000000538       0x20 ../freq_bsp/\libhal_bsp.a(alt_exit.o)

.debug_pubnames
 *(.debug_pubnames)

.debug_info     0x0000000000000000     0x5740
 *(.debug_info .gnu.linkonce.wi.*)
 .debug_info    0x0000000000000000       0x66 ../freq_bsp//obj/HAL/src/crt0.o
 .debug_info    0x0000000000000066      0x195 obj/default/hello_world.o
 .debug_info    0x00000000000001fb      0x145 ../freq_bsp/\libhal_bsp.a(alt_load.o)
 .debug_info    0x0000000000000340      0x131 ../freq_bsp/\libhal_bsp.a(alt_main.o)
 .debug_info    0x0000000000000471      0x3df ../freq_bsp/\libhal_bsp.a(alt_sys_init.o)
 .debug_info    0x0000000000000850      0x3a7 ../freq_bsp/\libhal_bsp.a(altera_avalon_jtag_uart_fd.o)
 .debug_info    0x0000000000000bf7      0x1b2 ../freq_bsp/\libhal_bsp.a(altera_avalon_jtag_uart_read.o)
 .debug_info    0x0000000000000da9      0x195 ../freq_bsp/\libhal_bsp.a(altera_avalon_jtag_uart_write.o)
 .debug_info    0x0000000000000f3e      0x226 ../freq_bsp/\libhal_bsp.a(altera_avalon_timer_sc.o)
 .debug_info    0x0000000000001164      0x321 ../freq_bsp/\libhal_bsp.a(alt_close.o)
 .debug_info    0x0000000000001485       0xa5 ../freq_bsp/\libhal_bsp.a(alt_dcache_flush_all.o)
 .debug_info    0x000000000000152a      0x49c ../freq_bsp/\libhal_bsp.a(alt_dev.o)
 .debug_info    0x00000000000019c6      0x1a9 ../freq_bsp/\libhal_bsp.a(alt_dev_llist_insert.o)
 .debug_info    0x0000000000001b6f       0x83 ../freq_bsp/\libhal_bsp.a(alt_do_ctors.o)
 .debug_info    0x0000000000001bf2       0x83 ../freq_bsp/\libhal_bsp.a(alt_do_dtors.o)
 .debug_info    0x0000000000001c75       0xa6 ../freq_bsp/\libhal_bsp.a(alt_errno.o)
 .debug_info    0x0000000000001d1b       0x92 ../freq_bsp/\libhal_bsp.a(alt_icache_flush_all.o)
 .debug_info    0x0000000000001dad      0x350 ../freq_bsp/\libhal_bsp.a(alt_iic.o)
 .debug_info    0x00000000000020fd      0x1ef ../freq_bsp/\libhal_bsp.a(alt_iic_isr_register.o)
 .debug_info    0x00000000000022ec      0x4a5 ../freq_bsp/\libhal_bsp.a(alt_io_redirect.o)
 .debug_info    0x0000000000002791       0x6f ../freq_bsp/\libhal_bsp.a(alt_irq_entry.o)
 .debug_info    0x0000000000002800      0x187 ../freq_bsp/\libhal_bsp.a(alt_irq_handler.o)
 .debug_info    0x0000000000002987       0x88 ../freq_bsp/\libhal_bsp.a(alt_irq_vars.o)
 .debug_info    0x0000000000002a0f      0x3bb ../freq_bsp/\libhal_bsp.a(alt_open.o)
 .debug_info    0x0000000000002dca      0x2b0 ../freq_bsp/\libhal_bsp.a(alt_release_fd.o)
 .debug_info    0x000000000000307a      0x299 ../freq_bsp/\libhal_bsp.a(alt_tick.o)
 .debug_info    0x0000000000003313       0x92 ../freq_bsp/\libhal_bsp.a(altera_nios2_gen2_irq.o)
 .debug_info    0x00000000000033a5       0x75 ../freq_bsp/\libhal_bsp.a(alt_exception_entry.o)
 .debug_info    0x000000000000341a      0x2e9 ../freq_bsp/\libhal_bsp.a(alt_find_dev.o)
 .debug_info    0x0000000000003703      0x2e6 ../freq_bsp/\libhal_bsp.a(alt_find_file.o)
 .debug_info    0x00000000000039e9      0x310 ../freq_bsp/\libhal_bsp.a(alt_get_fd.o)
 .debug_info    0x0000000000003cf9       0xdc ../freq_bsp/\libhal_bsp.a(alt_icache_flush.o)
 .debug_info    0x0000000000003dd5      0x1e7 ../freq_bsp/\libhal_bsp.a(alt_instruction_exception_entry.o)
 .debug_info    0x0000000000003fbc       0xfe c:/intelfpga_lite/18.1/nios2eds/bin/gnu/h-x86_64-mingw32/bin/../lib/gcc/nios2-elf/5.3.0/../../../../../H-x86_64-mingw32/nios2-elf/lib\libsmallc.a(lib_a-atexit.o)
 .debug_info    0x00000000000040ba       0xe5 c:/intelfpga_lite/18.1/nios2eds/bin/gnu/h-x86_64-mingw32/bin/../lib/gcc/nios2-elf/5.3.0/../../../../../H-x86_64-mingw32/nios2-elf/lib\libsmallc.a(lib_a-exit.o)
 .debug_info    0x000000000000419f       0x8a c:/intelfpga_lite/18.1/nios2eds/bin/gnu/h-x86_64-mingw32/bin/../lib/gcc/nios2-elf/5.3.0/../../../../../H-x86_64-mingw32/nios2-elf/lib\libsmallc.a(lib_a-int_errno.o)
 .debug_info    0x0000000000004229       0xf4 c:/intelfpga_lite/18.1/nios2eds/bin/gnu/h-x86_64-mingw32/bin/../lib/gcc/nios2-elf/5.3.0/../../../../../H-x86_64-mingw32/nios2-elf/lib\libsmallc.a(lib_a-memcmp.o)
 .debug_info    0x000000000000431d       0xc9 c:/intelfpga_lite/18.1/nios2eds/bin/gnu/h-x86_64-mingw32/bin/../lib/gcc/nios2-elf/5.3.0/../../../../../H-x86_64-mingw32/nios2-elf/lib\libsmallc.a(lib_a-strlen.o)
 .debug_info    0x00000000000043e6      0x64a c:/intelfpga_lite/18.1/nios2eds/bin/gnu/h-x86_64-mingw32/bin/../lib/gcc/nios2-elf/5.3.0/../../../../../H-x86_64-mingw32/nios2-elf/lib\libsmallc.a(lib_a-__atexit.o)
 .debug_info    0x0000000000004a30      0x67b c:/intelfpga_lite/18.1/nios2eds/bin/gnu/h-x86_64-mingw32/bin/../lib/gcc/nios2-elf/5.3.0/../../../../../H-x86_64-mingw32/nios2-elf/lib\libsmallc.a(lib_a-__call_atexit.o)
 .debug_info    0x00000000000050ab      0x5a9 c:/intelfpga_lite/18.1/nios2eds/bin/gnu/h-x86_64-mingw32/bin/../lib/gcc/nios2-elf/5.3.0/../../../../../H-x86_64-mingw32/nios2-elf/lib\libsmallc.a(lib_a-impure.o)
 .debug_info    0x0000000000005654       0xec ../freq_bsp/\libhal_bsp.a(alt_exit.o)

.debug_abbrev   0x0000000000000000     0x21f0
 *(.debug_abbrev)
 .debug_abbrev  0x0000000000000000       0x12 ../freq_bsp//obj/HAL/src/crt0.o
 .debug_abbrev  0x0000000000000012       0x8e obj/default/hello_world.o
 .debug_abbrev  0x00000000000000a0       0x9f ../freq_bsp/\libhal_bsp.a(alt_load.o)
 .debug_abbrev  0x000000000000013f       0xba ../freq_bsp/\libhal_bsp.a(alt_main.o)
 .debug_abbrev  0x00000000000001f9      0x157 ../freq_bsp/\libhal_bsp.a(alt_sys_init.o)
 .debug_abbrev  0x0000000000000350       0xf7 ../freq_bsp/\libhal_bsp.a(altera_avalon_jtag_uart_fd.o)
 .debug_abbrev  0x0000000000000447       0xd5 ../freq_bsp/\libhal_bsp.a(altera_avalon_jtag_uart_read.o)
 .debug_abbrev  0x000000000000051c       0xd5 ../freq_bsp/\libhal_bsp.a(altera_avalon_jtag_uart_write.o)
 .debug_abbrev  0x00000000000005f1      0x155 ../freq_bsp/\libhal_bsp.a(altera_avalon_timer_sc.o)
 .debug_abbrev  0x0000000000000746      0x11f ../freq_bsp/\libhal_bsp.a(alt_close.o)
 .debug_abbrev  0x0000000000000865       0x5a ../freq_bsp/\libhal_bsp.a(alt_dcache_flush_all.o)
 .debug_abbrev  0x00000000000008bf       0xd9 ../freq_bsp/\libhal_bsp.a(alt_dev.o)
 .debug_abbrev  0x0000000000000998      0x114 ../freq_bsp/\libhal_bsp.a(alt_dev_llist_insert.o)
 .debug_abbrev  0x0000000000000aac       0x79 ../freq_bsp/\libhal_bsp.a(alt_do_ctors.o)
 .debug_abbrev  0x0000000000000b25       0x79 ../freq_bsp/\libhal_bsp.a(alt_do_dtors.o)
 .debug_abbrev  0x0000000000000b9e       0x5a ../freq_bsp/\libhal_bsp.a(alt_errno.o)
 .debug_abbrev  0x0000000000000bf8       0x42 ../freq_bsp/\libhal_bsp.a(alt_icache_flush_all.o)
 .debug_abbrev  0x0000000000000c3a      0x163 ../freq_bsp/\libhal_bsp.a(alt_iic.o)
 .debug_abbrev  0x0000000000000d9d      0x169 ../freq_bsp/\libhal_bsp.a(alt_iic_isr_register.o)
 .debug_abbrev  0x0000000000000f06      0x114 ../freq_bsp/\libhal_bsp.a(alt_io_redirect.o)
 .debug_abbrev  0x000000000000101a       0x12 ../freq_bsp/\libhal_bsp.a(alt_irq_entry.o)
 .debug_abbrev  0x000000000000102c      0x122 ../freq_bsp/\libhal_bsp.a(alt_irq_handler.o)
 .debug_abbrev  0x000000000000114e       0x40 ../freq_bsp/\libhal_bsp.a(alt_irq_vars.o)
 .debug_abbrev  0x000000000000118e      0x148 ../freq_bsp/\libhal_bsp.a(alt_open.o)
 .debug_abbrev  0x00000000000012d6       0xde ../freq_bsp/\libhal_bsp.a(alt_release_fd.o)
 .debug_abbrev  0x00000000000013b4      0x15a ../freq_bsp/\libhal_bsp.a(alt_tick.o)
 .debug_abbrev  0x000000000000150e       0x42 ../freq_bsp/\libhal_bsp.a(altera_nios2_gen2_irq.o)
 .debug_abbrev  0x0000000000001550       0x12 ../freq_bsp/\libhal_bsp.a(alt_exception_entry.o)
 .debug_abbrev  0x0000000000001562       0xf0 ../freq_bsp/\libhal_bsp.a(alt_find_dev.o)
 .debug_abbrev  0x0000000000001652       0xf0 ../freq_bsp/\libhal_bsp.a(alt_find_file.o)
 .debug_abbrev  0x0000000000001742      0x10d ../freq_bsp/\libhal_bsp.a(alt_get_fd.o)
 .debug_abbrev  0x000000000000184f       0x8c ../freq_bsp/\libhal_bsp.a(alt_icache_flush.o)
 .debug_abbrev  0x00000000000018db       0xdc ../freq_bsp/\libhal_bsp.a(alt_instruction_exception_entry.o)
 .debug_abbrev  0x00000000000019b7       0xaa c:/intelfpga_lite/18.1/nios2eds/bin/gnu/h-x86_64-mingw32/bin/../lib/gcc/nios2-elf/5.3.0/../../../../../H-x86_64-mingw32/nios2-elf/lib\libsmallc.a(lib_a-atexit.o)
 .debug_abbrev  0x0000000000001a61       0x8b c:/intelfpga_lite/18.1/nios2eds/bin/gnu/h-x86_64-mingw32/bin/../lib/gcc/nios2-elf/5.3.0/../../../../../H-x86_64-mingw32/nios2-elf/lib\libsmallc.a(lib_a-exit.o)
 .debug_abbrev  0x0000000000001aec       0x37 c:/intelfpga_lite/18.1/nios2eds/bin/gnu/h-x86_64-mingw32/bin/../lib/gcc/nios2-elf/5.3.0/../../../../../H-x86_64-mingw32/nios2-elf/lib\libsmallc.a(lib_a-int_errno.o)
 .debug_abbrev  0x0000000000001b23       0x7f c:/intelfpga_lite/18.1/nios2eds/bin/gnu/h-x86_64-mingw32/bin/../lib/gcc/nios2-elf/5.3.0/../../../../../H-x86_64-mingw32/nios2-elf/lib\libsmallc.a(lib_a-memcmp.o)
 .debug_abbrev  0x0000000000001ba2       0x7f c:/intelfpga_lite/18.1/nios2eds/bin/gnu/h-x86_64-mingw32/bin/../lib/gcc/nios2-elf/5.3.0/../../../../../H-x86_64-mingw32/nios2-elf/lib\libsmallc.a(lib_a-strlen.o)
 .debug_abbrev  0x0000000000001c21      0x1e6 c:/intelfpga_lite/18.1/nios2eds/bin/gnu/h-x86_64-mingw32/bin/../lib/gcc/nios2-elf/5.3.0/../../../../../H-x86_64-mingw32/nios2-elf/lib\libsmallc.a(lib_a-__atexit.o)
 .debug_abbrev  0x0000000000001e07      0x1f6 c:/intelfpga_lite/18.1/nios2eds/bin/gnu/h-x86_64-mingw32/bin/../lib/gcc/nios2-elf/5.3.0/../../../../../H-x86_64-mingw32/nios2-elf/lib\libsmallc.a(lib_a-__call_atexit.o)
 .debug_abbrev  0x0000000000001ffd      0x14a c:/intelfpga_lite/18.1/nios2eds/bin/gnu/h-x86_64-mingw32/bin/../lib/gcc/nios2-elf/5.3.0/../../../../../H-x86_64-mingw32/nios2-elf/lib\libsmallc.a(lib_a-impure.o)
 .debug_abbrev  0x0000000000002147       0xa9 ../freq_bsp/\libhal_bsp.a(alt_exit.o)

.debug_line     0x0000000000000000     0x2375
 *(.debug_line)
 .debug_line    0x0000000000000000       0x72 ../freq_bsp//obj/HAL/src/crt0.o
 .debug_line    0x0000000000000072       0x9b obj/default/hello_world.o
 .debug_line    0x000000000000010d       0x8e ../freq_bsp/\libhal_bsp.a(alt_load.o)
 .debug_line    0x000000000000019b       0xa4 ../freq_bsp/\libhal_bsp.a(alt_main.o)
 .debug_line    0x000000000000023f      0x141 ../freq_bsp/\libhal_bsp.a(alt_sys_init.o)
 .debug_line    0x0000000000000380      0x112 ../freq_bsp/\libhal_bsp.a(altera_avalon_jtag_uart_fd.o)
 .debug_line    0x0000000000000492       0xfd ../freq_bsp/\libhal_bsp.a(altera_avalon_jtag_uart_read.o)
 .debug_line    0x000000000000058f       0xf4 ../freq_bsp/\libhal_bsp.a(altera_avalon_jtag_uart_write.o)
 .debug_line    0x0000000000000683       0xfd ../freq_bsp/\libhal_bsp.a(altera_avalon_timer_sc.o)
 .debug_line    0x0000000000000780      0x165 ../freq_bsp/\libhal_bsp.a(alt_close.o)
 .debug_line    0x00000000000008e5       0x61 ../freq_bsp/\libhal_bsp.a(alt_dcache_flush_all.o)
 .debug_line    0x0000000000000946       0xf8 ../freq_bsp/\libhal_bsp.a(alt_dev.o)
 .debug_line    0x0000000000000a3e       0xcf ../freq_bsp/\libhal_bsp.a(alt_dev_llist_insert.o)
 .debug_line    0x0000000000000b0d       0x59 ../freq_bsp/\libhal_bsp.a(alt_do_ctors.o)
 .debug_line    0x0000000000000b66       0x59 ../freq_bsp/\libhal_bsp.a(alt_do_dtors.o)
 .debug_line    0x0000000000000bbf       0x51 ../freq_bsp/\libhal_bsp.a(alt_errno.o)
 .debug_line    0x0000000000000c10       0x50 ../freq_bsp/\libhal_bsp.a(alt_icache_flush_all.o)
 .debug_line    0x0000000000000c60       0xeb ../freq_bsp/\libhal_bsp.a(alt_iic.o)
 .debug_line    0x0000000000000d4b       0xdb ../freq_bsp/\libhal_bsp.a(alt_iic_isr_register.o)
 .debug_line    0x0000000000000e26      0x133 ../freq_bsp/\libhal_bsp.a(alt_io_redirect.o)
 .debug_line    0x0000000000000f59       0x6b ../freq_bsp/\libhal_bsp.a(alt_irq_entry.o)
 .debug_line    0x0000000000000fc4       0xaa ../freq_bsp/\libhal_bsp.a(alt_irq_handler.o)
 .debug_line    0x000000000000106e       0x50 ../freq_bsp/\libhal_bsp.a(alt_irq_vars.o)
 .debug_line    0x00000000000010be      0x128 ../freq_bsp/\libhal_bsp.a(alt_open.o)
 .debug_line    0x00000000000011e6       0xae ../freq_bsp/\libhal_bsp.a(alt_release_fd.o)
 .debug_line    0x0000000000001294       0xff ../freq_bsp/\libhal_bsp.a(alt_tick.o)
 .debug_line    0x0000000000001393       0x51 ../freq_bsp/\libhal_bsp.a(altera_nios2_gen2_irq.o)
 .debug_line    0x00000000000013e4       0xb3 ../freq_bsp/\libhal_bsp.a(alt_exception_entry.o)
 .debug_line    0x0000000000001497       0xb5 ../freq_bsp/\libhal_bsp.a(alt_find_dev.o)
 .debug_line    0x000000000000154c       0xd1 ../freq_bsp/\libhal_bsp.a(alt_find_file.o)
 .debug_line    0x000000000000161d       0xd4 ../freq_bsp/\libhal_bsp.a(alt_get_fd.o)
 .debug_line    0x00000000000016f1       0x81 ../freq_bsp/\libhal_bsp.a(alt_icache_flush.o)
 .debug_line    0x0000000000001772       0xba ../freq_bsp/\libhal_bsp.a(alt_instruction_exception_entry.o)
 .debug_line    0x000000000000182c       0xe4 c:/intelfpga_lite/18.1/nios2eds/bin/gnu/h-x86_64-mingw32/bin/../lib/gcc/nios2-elf/5.3.0/../../../../../H-x86_64-mingw32/nios2-elf/lib\libsmallc.a(lib_a-atexit.o)
 .debug_line    0x0000000000001910      0x156 c:/intelfpga_lite/18.1/nios2eds/bin/gnu/h-x86_64-mingw32/bin/../lib/gcc/nios2-elf/5.3.0/../../../../../H-x86_64-mingw32/nios2-elf/lib\libsmallc.a(lib_a-exit.o)
 .debug_line    0x0000000000001a66       0x5c c:/intelfpga_lite/18.1/nios2eds/bin/gnu/h-x86_64-mingw32/bin/../lib/gcc/nios2-elf/5.3.0/../../../../../H-x86_64-mingw32/nios2-elf/lib\libsmallc.a(lib_a-int_errno.o)
 .debug_line    0x0000000000001ac2      0x15d c:/intelfpga_lite/18.1/nios2eds/bin/gnu/h-x86_64-mingw32/bin/../lib/gcc/nios2-elf/5.3.0/../../../../../H-x86_64-mingw32/nios2-elf/lib\libsmallc.a(lib_a-memcmp.o)
 .debug_line    0x0000000000001c1f      0x159 c:/intelfpga_lite/18.1/nios2eds/bin/gnu/h-x86_64-mingw32/bin/../lib/gcc/nios2-elf/5.3.0/../../../../../H-x86_64-mingw32/nios2-elf/lib\libsmallc.a(lib_a-strlen.o)
 .debug_line    0x0000000000001d78      0x20a c:/intelfpga_lite/18.1/nios2eds/bin/gnu/h-x86_64-mingw32/bin/../lib/gcc/nios2-elf/5.3.0/../../../../../H-x86_64-mingw32/nios2-elf/lib\libsmallc.a(lib_a-__atexit.o)
 .debug_line    0x0000000000001f82      0x22f c:/intelfpga_lite/18.1/nios2eds/bin/gnu/h-x86_64-mingw32/bin/../lib/gcc/nios2-elf/5.3.0/../../../../../H-x86_64-mingw32/nios2-elf/lib\libsmallc.a(lib_a-__call_atexit.o)
 .debug_line    0x00000000000021b1      0x153 c:/intelfpga_lite/18.1/nios2eds/bin/gnu/h-x86_64-mingw32/bin/../lib/gcc/nios2-elf/5.3.0/../../../../../H-x86_64-mingw32/nios2-elf/lib\libsmallc.a(lib_a-impure.o)
 .debug_line    0x0000000000002304       0x71 ../freq_bsp/\libhal_bsp.a(alt_exit.o)

.debug_frame    0x0000000000000000      0xa70
 *(.debug_frame)
 .debug_frame   0x0000000000000000      0x128 obj/default/hello_world.o
 .debug_frame   0x0000000000000128       0x5c ../freq_bsp/\libhal_bsp.a(alt_load.o)
 .debug_frame   0x0000000000000184       0x2c ../freq_bsp/\libhal_bsp.a(alt_main.o)
 .debug_frame   0x00000000000001b0       0x88 ../freq_bsp/\libhal_bsp.a(alt_sys_init.o)
 .debug_frame   0x0000000000000238       0x60 ../freq_bsp/\libhal_bsp.a(altera_avalon_jtag_uart_fd.o)
 .debug_frame   0x0000000000000298       0x34 ../freq_bsp/\libhal_bsp.a(altera_avalon_jtag_uart_read.o)
 .debug_frame   0x00000000000002cc       0x34 ../freq_bsp/\libhal_bsp.a(altera_avalon_jtag_uart_write.o)
 .debug_frame   0x0000000000000300       0x60 ../freq_bsp/\libhal_bsp.a(altera_avalon_timer_sc.o)
 .debug_frame   0x0000000000000360       0x60 ../freq_bsp/\libhal_bsp.a(alt_close.o)
 .debug_frame   0x00000000000003c0       0x34 ../freq_bsp/\libhal_bsp.a(alt_dcache_flush_all.o)
 .debug_frame   0x00000000000003f4       0x34 ../freq_bsp/\libhal_bsp.a(alt_dev.o)
 .debug_frame   0x0000000000000428       0x60 ../freq_bsp/\libhal_bsp.a(alt_dev_llist_insert.o)
 .debug_frame   0x0000000000000488       0x38 ../freq_bsp/\libhal_bsp.a(alt_do_ctors.o)
 .debug_frame   0x00000000000004c0       0x38 ../freq_bsp/\libhal_bsp.a(alt_do_dtors.o)
 .debug_frame   0x00000000000004f8       0x38 ../freq_bsp/\libhal_bsp.a(alt_icache_flush_all.o)
 .debug_frame   0x0000000000000530       0xa4 ../freq_bsp/\libhal_bsp.a(alt_iic.o)
 .debug_frame   0x00000000000005d4       0x38 ../freq_bsp/\libhal_bsp.a(alt_iic_isr_register.o)
 .debug_frame   0x000000000000060c       0x60 ../freq_bsp/\libhal_bsp.a(alt_io_redirect.o)
 .debug_frame   0x000000000000066c       0x38 ../freq_bsp/\libhal_bsp.a(alt_irq_handler.o)
 .debug_frame   0x00000000000006a4       0x84 ../freq_bsp/\libhal_bsp.a(alt_open.o)
 .debug_frame   0x0000000000000728       0x34 ../freq_bsp/\libhal_bsp.a(alt_release_fd.o)
 .debug_frame   0x000000000000075c       0x5c ../freq_bsp/\libhal_bsp.a(alt_tick.o)
 .debug_frame   0x00000000000007b8       0x34 ../freq_bsp/\libhal_bsp.a(altera_nios2_gen2_irq.o)
 .debug_frame   0x00000000000007ec       0x38 ../freq_bsp/\libhal_bsp.a(alt_find_dev.o)
 .debug_frame   0x0000000000000824       0x38 ../freq_bsp/\libhal_bsp.a(alt_find_file.o)
 .debug_frame   0x000000000000085c       0x34 ../freq_bsp/\libhal_bsp.a(alt_get_fd.o)
 .debug_frame   0x0000000000000890       0x34 ../freq_bsp/\libhal_bsp.a(alt_icache_flush.o)
 .debug_frame   0x00000000000008c4       0x5c ../freq_bsp/\libhal_bsp.a(alt_instruction_exception_entry.o)
 .debug_frame   0x0000000000000920       0x20 c:/intelfpga_lite/18.1/nios2eds/bin/gnu/h-x86_64-mingw32/bin/../lib/gcc/nios2-elf/5.3.0/../../../../../H-x86_64-mingw32/nios2-elf/lib\libsmallc.a(lib_a-atexit.o)
 .debug_frame   0x0000000000000940       0x28 c:/intelfpga_lite/18.1/nios2eds/bin/gnu/h-x86_64-mingw32/bin/../lib/gcc/nios2-elf/5.3.0/../../../../../H-x86_64-mingw32/nios2-elf/lib\libsmallc.a(lib_a-exit.o)
 .debug_frame   0x0000000000000968       0x20 c:/intelfpga_lite/18.1/nios2eds/bin/gnu/h-x86_64-mingw32/bin/../lib/gcc/nios2-elf/5.3.0/../../../../../H-x86_64-mingw32/nios2-elf/lib\libsmallc.a(lib_a-memcmp.o)
 .debug_frame   0x0000000000000988       0x20 c:/intelfpga_lite/18.1/nios2eds/bin/gnu/h-x86_64-mingw32/bin/../lib/gcc/nios2-elf/5.3.0/../../../../../H-x86_64-mingw32/nios2-elf/lib\libsmallc.a(lib_a-strlen.o)
 .debug_frame   0x00000000000009a8       0x48 c:/intelfpga_lite/18.1/nios2eds/bin/gnu/h-x86_64-mingw32/bin/../lib/gcc/nios2-elf/5.3.0/../../../../../H-x86_64-mingw32/nios2-elf/lib\libsmallc.a(lib_a-__atexit.o)
 .debug_frame   0x00000000000009f0       0x54 c:/intelfpga_lite/18.1/nios2eds/bin/gnu/h-x86_64-mingw32/bin/../lib/gcc/nios2-elf/5.3.0/../../../../../H-x86_64-mingw32/nios2-elf/lib\libsmallc.a(lib_a-__call_atexit.o)
 .debug_frame   0x0000000000000a44       0x2c ../freq_bsp/\libhal_bsp.a(alt_exit.o)

.debug_str      0x0000000000000000     0x180c
 *(.debug_str)
 .debug_str     0x0000000000000000      0x155 obj/default/hello_world.o
                                        0x193 (size before relaxing)
 .debug_str     0x0000000000000155      0x11b ../freq_bsp/\libhal_bsp.a(alt_load.o)
                                        0x207 (size before relaxing)
 .debug_str     0x0000000000000270       0x70 ../freq_bsp/\libhal_bsp.a(alt_main.o)
                                        0x192 (size before relaxing)
 .debug_str     0x00000000000002e0      0x18a ../freq_bsp/\libhal_bsp.a(alt_sys_init.o)
                                        0x301 (size before relaxing)
 .debug_str     0x000000000000046a       0x77 ../freq_bsp/\libhal_bsp.a(altera_avalon_jtag_uart_fd.o)
                                        0x2ca (size before relaxing)
 .debug_str     0x00000000000004e1       0x48 ../freq_bsp/\libhal_bsp.a(altera_avalon_jtag_uart_read.o)
                                        0x214 (size before relaxing)
 .debug_str     0x0000000000000529       0x4a ../freq_bsp/\libhal_bsp.a(altera_avalon_jtag_uart_write.o)
                                        0x20a (size before relaxing)
 .debug_str     0x0000000000000573       0xb6 ../freq_bsp/\libhal_bsp.a(altera_avalon_timer_sc.o)
                                        0x240 (size before relaxing)
 .debug_str     0x0000000000000629       0x44 ../freq_bsp/\libhal_bsp.a(alt_close.o)
                                        0x200 (size before relaxing)
 .debug_str     0x000000000000066d       0x34 ../freq_bsp/\libhal_bsp.a(alt_dcache_flush_all.o)
                                        0x14a (size before relaxing)
 .debug_str     0x00000000000006a1      0x120 ../freq_bsp/\libhal_bsp.a(alt_dev.o)
                                        0x2fa (size before relaxing)
 .debug_str     0x00000000000007c1       0x45 ../freq_bsp/\libhal_bsp.a(alt_dev_llist_insert.o)
                                        0x1c1 (size before relaxing)
 .debug_str     0x0000000000000806       0x48 ../freq_bsp/\libhal_bsp.a(alt_do_ctors.o)
                                         0xc5 (size before relaxing)
 .debug_str     0x000000000000084e       0x4c ../freq_bsp/\libhal_bsp.a(alt_do_dtors.o)
                                         0xc4 (size before relaxing)
 .debug_str     0x000000000000089a       0x14 ../freq_bsp/\libhal_bsp.a(alt_errno.o)
                                        0x13a (size before relaxing)
 .debug_str     0x00000000000008ae       0x34 ../freq_bsp/\libhal_bsp.a(alt_icache_flush_all.o)
                                        0x14a (size before relaxing)
 .debug_str     0x00000000000008e2       0xc4 ../freq_bsp/\libhal_bsp.a(alt_iic.o)
                                        0x233 (size before relaxing)
 .debug_str     0x00000000000009a6       0x4c ../freq_bsp/\libhal_bsp.a(alt_iic_isr_register.o)
                                        0x1dd (size before relaxing)
 .debug_str     0x00000000000009f2       0x56 ../freq_bsp/\libhal_bsp.a(alt_io_redirect.o)
                                        0x30b (size before relaxing)
 .debug_str     0x0000000000000a48       0x3a ../freq_bsp/\libhal_bsp.a(alt_irq_handler.o)
                                        0x18c (size before relaxing)
 .debug_str     0x0000000000000a82       0x17 ../freq_bsp/\libhal_bsp.a(alt_irq_vars.o)
                                        0x12f (size before relaxing)
 .debug_str     0x0000000000000a99       0x2f ../freq_bsp/\libhal_bsp.a(alt_open.o)
                                        0x240 (size before relaxing)
 .debug_str     0x0000000000000ac8       0x28 ../freq_bsp/\libhal_bsp.a(alt_release_fd.o)
                                        0x1c8 (size before relaxing)
 .debug_str     0x0000000000000af0       0x78 ../freq_bsp/\libhal_bsp.a(alt_tick.o)
                                        0x247 (size before relaxing)
 .debug_str     0x0000000000000b68       0x3b ../freq_bsp/\libhal_bsp.a(altera_nios2_gen2_irq.o)
                                        0x151 (size before relaxing)
 .debug_str     0x0000000000000ba3       0x24 ../freq_bsp/\libhal_bsp.a(alt_find_dev.o)
                                        0x1e1 (size before relaxing)
 .debug_str     0x0000000000000bc7       0x26 ../freq_bsp/\libhal_bsp.a(alt_find_file.o)
                                        0x1ef (size before relaxing)
 .debug_str     0x0000000000000bed       0x30 ../freq_bsp/\libhal_bsp.a(alt_get_fd.o)
                                        0x211 (size before relaxing)
 .debug_str     0x0000000000000c1d       0x2c ../freq_bsp/\libhal_bsp.a(alt_icache_flush.o)
                                        0x150 (size before relaxing)
 .debug_str     0x0000000000000c49      0x48b ../freq_bsp/\libhal_bsp.a(alt_instruction_exception_entry.o)
                                        0x595 (size before relaxing)
 .debug_str     0x00000000000010d4      0x15d c:/intelfpga_lite/18.1/nios2eds/bin/gnu/h-x86_64-mingw32/bin/../lib/gcc/nios2-elf/5.3.0/../../../../../H-x86_64-mingw32/nios2-elf/lib\libsmallc.a(lib_a-atexit.o)
                                        0x202 (size before relaxing)
 .debug_str     0x0000000000001231       0x49 c:/intelfpga_lite/18.1/nios2eds/bin/gnu/h-x86_64-mingw32/bin/../lib/gcc/nios2-elf/5.3.0/../../../../../H-x86_64-mingw32/nios2-elf/lib\libsmallc.a(lib_a-exit.o)
                                        0x1d6 (size before relaxing)
 .debug_str     0x000000000000127a       0xc5 c:/intelfpga_lite/18.1/nios2eds/bin/gnu/h-x86_64-mingw32/bin/../lib/gcc/nios2-elf/5.3.0/../../../../../H-x86_64-mingw32/nios2-elf/lib\libsmallc.a(lib_a-int_errno.o)
                                        0x1be (size before relaxing)
 .debug_str     0x000000000000133f       0xd2 c:/intelfpga_lite/18.1/nios2eds/bin/gnu/h-x86_64-mingw32/bin/../lib/gcc/nios2-elf/5.3.0/../../../../../H-x86_64-mingw32/nios2-elf/lib\libsmallc.a(lib_a-memcmp.o)
                                        0x1c5 (size before relaxing)
 .debug_str     0x0000000000001411       0x41 c:/intelfpga_lite/18.1/nios2eds/bin/gnu/h-x86_64-mingw32/bin/../lib/gcc/nios2-elf/5.3.0/../../../../../H-x86_64-mingw32/nios2-elf/lib\libsmallc.a(lib_a-strlen.o)
                                        0x1cb (size before relaxing)
 .debug_str     0x0000000000001452      0x2e9 c:/intelfpga_lite/18.1/nios2eds/bin/gnu/h-x86_64-mingw32/bin/../lib/gcc/nios2-elf/5.3.0/../../../../../H-x86_64-mingw32/nios2-elf/lib\libsmallc.a(lib_a-__atexit.o)
                                        0x4e5 (size before relaxing)
 .debug_str     0x000000000000173b       0x62 c:/intelfpga_lite/18.1/nios2eds/bin/gnu/h-x86_64-mingw32/bin/../lib/gcc/nios2-elf/5.3.0/../../../../../H-x86_64-mingw32/nios2-elf/lib\libsmallc.a(lib_a-__call_atexit.o)
                                        0x4d1 (size before relaxing)
 .debug_str     0x000000000000179d       0x45 c:/intelfpga_lite/18.1/nios2eds/bin/gnu/h-x86_64-mingw32/bin/../lib/gcc/nios2-elf/5.3.0/../../../../../H-x86_64-mingw32/nios2-elf/lib\libsmallc.a(lib_a-impure.o)
                                        0x4a4 (size before relaxing)
 .debug_str     0x00000000000017e2       0x2a ../freq_bsp/\libhal_bsp.a(alt_exit.o)
                                        0x146 (size before relaxing)

.debug_loc      0x0000000000000000      0x413
 *(.debug_loc)
 .debug_loc     0x0000000000000000       0x2c c:/intelfpga_lite/18.1/nios2eds/bin/gnu/h-x86_64-mingw32/bin/../lib/gcc/nios2-elf/5.3.0/../../../../../H-x86_64-mingw32/nios2-elf/lib\libsmallc.a(lib_a-atexit.o)
 .debug_loc     0x000000000000002c       0x1e c:/intelfpga_lite/18.1/nios2eds/bin/gnu/h-x86_64-mingw32/bin/../lib/gcc/nios2-elf/5.3.0/../../../../../H-x86_64-mingw32/nios2-elf/lib\libsmallc.a(lib_a-exit.o)
 .debug_loc     0x000000000000004a       0x94 c:/intelfpga_lite/18.1/nios2eds/bin/gnu/h-x86_64-mingw32/bin/../lib/gcc/nios2-elf/5.3.0/../../../../../H-x86_64-mingw32/nios2-elf/lib\libsmallc.a(lib_a-memcmp.o)
 .debug_loc     0x00000000000000de       0x1e c:/intelfpga_lite/18.1/nios2eds/bin/gnu/h-x86_64-mingw32/bin/../lib/gcc/nios2-elf/5.3.0/../../../../../H-x86_64-mingw32/nios2-elf/lib\libsmallc.a(lib_a-strlen.o)
 .debug_loc     0x00000000000000fc      0x1c0 c:/intelfpga_lite/18.1/nios2eds/bin/gnu/h-x86_64-mingw32/bin/../lib/gcc/nios2-elf/5.3.0/../../../../../H-x86_64-mingw32/nios2-elf/lib\libsmallc.a(lib_a-__atexit.o)
 .debug_loc     0x00000000000002bc      0x157 c:/intelfpga_lite/18.1/nios2eds/bin/gnu/h-x86_64-mingw32/bin/../lib/gcc/nios2-elf/5.3.0/../../../../../H-x86_64-mingw32/nios2-elf/lib\libsmallc.a(lib_a-__call_atexit.o)

.debug_macinfo
 *(.debug_macinfo)

.debug_weaknames
 *(.debug_weaknames)

.debug_funcnames
 *(.debug_funcnames)

.debug_typenames
 *(.debug_typenames)

.debug_varnames
 *(.debug_varnames)

.debug_alt_sim_info
                0x0000000000000000       0x30
 *(.debug_alt_sim_info)
 .debug_alt_sim_info
                0x0000000000000000       0x30 ../freq_bsp//obj/HAL/src/crt0.o
                0x000000000000d000                __alt_data_end = 0xd000
                0x000000000000d000                PROVIDE (__alt_stack_pointer, __alt_data_end)
                [!provide]                        PROVIDE (__alt_stack_limit, __alt_stack_base)
                [!provide]                        PROVIDE (__alt_heap_start, end)
                [!provide]                        PROVIDE (__alt_heap_limit, 0xd000)
OUTPUT(freq.elf elf32-littlenios2)

.debug_ranges   0x0000000000000000      0x130
 .debug_ranges  0x0000000000000000       0x20 ../freq_bsp//obj/HAL/src/crt0.o
 .debug_ranges  0x0000000000000020       0x18 ../freq_bsp/\libhal_bsp.a(altera_avalon_jtag_uart_read.o)
 .debug_ranges  0x0000000000000038       0x28 ../freq_bsp/\libhal_bsp.a(alt_irq_entry.o)
 .debug_ranges  0x0000000000000060       0x10 ../freq_bsp/\libhal_bsp.a(alt_irq_handler.o)
 .debug_ranges  0x0000000000000070       0x30 ../freq_bsp/\libhal_bsp.a(alt_exception_entry.o)
 .debug_ranges  0x00000000000000a0       0x18 ../freq_bsp/\libhal_bsp.a(alt_instruction_exception_entry.o)
 .debug_ranges  0x00000000000000b8       0x10 c:/intelfpga_lite/18.1/nios2eds/bin/gnu/h-x86_64-mingw32/bin/../lib/gcc/nios2-elf/5.3.0/../../../../../H-x86_64-mingw32/nios2-elf/lib\libsmallc.a(lib_a-atexit.o)
 .debug_ranges  0x00000000000000c8       0x10 c:/intelfpga_lite/18.1/nios2eds/bin/gnu/h-x86_64-mingw32/bin/../lib/gcc/nios2-elf/5.3.0/../../../../../H-x86_64-mingw32/nios2-elf/lib\libsmallc.a(lib_a-exit.o)
 .debug_ranges  0x00000000000000d8       0x10 c:/intelfpga_lite/18.1/nios2eds/bin/gnu/h-x86_64-mingw32/bin/../lib/gcc/nios2-elf/5.3.0/../../../../../H-x86_64-mingw32/nios2-elf/lib\libsmallc.a(lib_a-memcmp.o)
 .debug_ranges  0x00000000000000e8       0x10 c:/intelfpga_lite/18.1/nios2eds/bin/gnu/h-x86_64-mingw32/bin/../lib/gcc/nios2-elf/5.3.0/../../../../../H-x86_64-mingw32/nios2-elf/lib\libsmallc.a(lib_a-strlen.o)
 .debug_ranges  0x00000000000000f8       0x10 c:/intelfpga_lite/18.1/nios2eds/bin/gnu/h-x86_64-mingw32/bin/../lib/gcc/nios2-elf/5.3.0/../../../../../H-x86_64-mingw32/nios2-elf/lib\libsmallc.a(lib_a-__atexit.o)
 .debug_ranges  0x0000000000000108       0x28 c:/intelfpga_lite/18.1/nios2eds/bin/gnu/h-x86_64-mingw32/bin/../lib/gcc/nios2-elf/5.3.0/../../../../../H-x86_64-mingw32/nios2-elf/lib\libsmallc.a(lib_a-__call_atexit.o)
